Archive member included to satisfy reference by file (symbol)

C:/MaximSDK/Libraries/PeriphDrivers/bin/MAX78000/softfp/libPeriphDriver_softfp.a(mxc_delay.o)
                              d:/@School/Archived/junior-s/innovation-tech-challenge-2024/max78000-collect/build/mpu6050.o (MXC_Delay)
C:/MaximSDK/Libraries/PeriphDrivers/bin/MAX78000/softfp/libPeriphDriver_softfp.a(nvic_table.o)
                              d:/@School/Archived/junior-s/innovation-tech-challenge-2024/max78000-collect/build/camera.o (MXC_NVIC_SetVector)
C:/MaximSDK/Libraries/PeriphDrivers/bin/MAX78000/softfp/libPeriphDriver_softfp.a(pins_ai85.o)
                              d:/@School/Archived/junior-s/innovation-tech-challenge-2024/max78000-collect/build/camera.o (gpio_cfg_pcif_xclk)
C:/MaximSDK/Libraries/PeriphDrivers/bin/MAX78000/softfp/libPeriphDriver_softfp.a(sys_ai85.o)
                              d:/@School/Archived/junior-s/innovation-tech-challenge-2024/max78000-collect/build/board.o (MXC_SYS_ClockEnable)
C:/MaximSDK/Libraries/PeriphDrivers/bin/MAX78000/softfp/libPeriphDriver_softfp.a(aes_me17.o)
                              C:/MaximSDK/Libraries/PeriphDrivers/bin/MAX78000/softfp/libPeriphDriver_softfp.a(sys_ai85.o) (MXC_AES_Init)
C:/MaximSDK/Libraries/PeriphDrivers/bin/MAX78000/softfp/libPeriphDriver_softfp.a(aes_revb.o)
                              C:/MaximSDK/Libraries/PeriphDrivers/bin/MAX78000/softfp/libPeriphDriver_softfp.a(aes_me17.o) (MXC_AES_RevB_Init)
C:/MaximSDK/Libraries/PeriphDrivers/bin/MAX78000/softfp/libPeriphDriver_softfp.a(cameraif_ai85.o)
                              d:/@School/Archived/junior-s/innovation-tech-challenge-2024/max78000-collect/build/camera.o (MXC_PCIF_Init)
C:/MaximSDK/Libraries/PeriphDrivers/bin/MAX78000/softfp/libPeriphDriver_softfp.a(cameraif_reva.o)
                              C:/MaximSDK/Libraries/PeriphDrivers/bin/MAX78000/softfp/libPeriphDriver_softfp.a(cameraif_ai85.o) (MXC_PCIF_RevA_SetDatawidth)
C:/MaximSDK/Libraries/PeriphDrivers/bin/MAX78000/softfp/libPeriphDriver_softfp.a(dma_me17.o)
                              d:/@School/Archived/junior-s/innovation-tech-challenge-2024/max78000-collect/build/fastspi.o (MXC_DMA_Init)
C:/MaximSDK/Libraries/PeriphDrivers/bin/MAX78000/softfp/libPeriphDriver_softfp.a(dma_reva.o)
                              C:/MaximSDK/Libraries/PeriphDrivers/bin/MAX78000/softfp/libPeriphDriver_softfp.a(dma_me17.o) (MXC_DMA_RevA_Init)
C:/MaximSDK/Libraries/PeriphDrivers/bin/MAX78000/softfp/libPeriphDriver_softfp.a(flc_me17.o)
                              C:/MaximSDK/Libraries/PeriphDrivers/bin/MAX78000/softfp/libPeriphDriver_softfp.a(sys_ai85.o) (MXC_FLC_UnlockInfoBlock)
C:/MaximSDK/Libraries/PeriphDrivers/bin/MAX78000/softfp/libPeriphDriver_softfp.a(flc_reva.o)
                              C:/MaximSDK/Libraries/PeriphDrivers/bin/MAX78000/softfp/libPeriphDriver_softfp.a(flc_me17.o) (MXC_FLC_RevA_Busy)
C:/MaximSDK/Libraries/PeriphDrivers/bin/MAX78000/softfp/libPeriphDriver_softfp.a(gpio_ai85.o)
                              d:/@School/Archived/junior-s/innovation-tech-challenge-2024/max78000-collect/build/led.o (MXC_GPIO_Config)
C:/MaximSDK/Libraries/PeriphDrivers/bin/MAX78000/softfp/libPeriphDriver_softfp.a(gpio_reva.o)
                              C:/MaximSDK/Libraries/PeriphDrivers/bin/MAX78000/softfp/libPeriphDriver_softfp.a(gpio_ai85.o) (MXC_GPIO_RevA_InGet)
C:/MaximSDK/Libraries/PeriphDrivers/bin/MAX78000/softfp/libPeriphDriver_softfp.a(i2c_me17.o)
                              d:/@School/Archived/junior-s/innovation-tech-challenge-2024/max78000-collect/build/mpu6050.o (MXC_I2C_Init)
C:/MaximSDK/Libraries/PeriphDrivers/bin/MAX78000/softfp/libPeriphDriver_softfp.a(i2c_reva.o)
                              C:/MaximSDK/Libraries/PeriphDrivers/bin/MAX78000/softfp/libPeriphDriver_softfp.a(i2c_me17.o) (MXC_I2C_RevA_DMACallback)
C:/MaximSDK/Libraries/PeriphDrivers/bin/MAX78000/softfp/libPeriphDriver_softfp.a(icc_me17.o)
                              d:/@School/Archived/junior-s/innovation-tech-challenge-2024/max78000-collect/build/system_max78000.o (MXC_ICC_Enable)
C:/MaximSDK/Libraries/PeriphDrivers/bin/MAX78000/softfp/libPeriphDriver_softfp.a(icc_reva.o)
                              C:/MaximSDK/Libraries/PeriphDrivers/bin/MAX78000/softfp/libPeriphDriver_softfp.a(icc_me17.o) (MXC_ICC_RevA_ID)
C:/MaximSDK/Libraries/PeriphDrivers/bin/MAX78000/softfp/libPeriphDriver_softfp.a(pt_ai85.o)
                              d:/@School/Archived/junior-s/innovation-tech-challenge-2024/max78000-collect/build/camera.o (MXC_PT_Init)
C:/MaximSDK/Libraries/PeriphDrivers/bin/MAX78000/softfp/libPeriphDriver_softfp.a(pt_reva.o)
                              C:/MaximSDK/Libraries/PeriphDrivers/bin/MAX78000/softfp/libPeriphDriver_softfp.a(pt_ai85.o) (MXC_PT_RevA_Init)
C:/MaximSDK/Libraries/PeriphDrivers/bin/MAX78000/softfp/libPeriphDriver_softfp.a(spi_me17.o)
[...]
Memory Configuration

Name             Origin             Length             Attributes
ROM              0x00000000         0x00010000         xr
FLASH            0x10000000         0x00080000         xr
SRAM             0x20000000         0x00020000         xrw
*default*        0x00000000         0xffffffff

Linker script and memory map

LOAD c:/maximsdk/tools/gnutools/10.3/bin/../lib/gcc/arm-none-eabi/10.3.1/thumb/v7e-m+fp/softfp/crti.o
LOAD c:/maximsdk/tools/gnutools/10.3/bin/../lib/gcc/arm-none-eabi/10.3.1/thumb/v7e-m+fp/softfp/crtbegin.o
LOAD c:/maximsdk/tools/gnutools/10.3/bin/../lib/gcc/arm-none-eabi/10.3.1/../../../../arm-none-eabi/lib/thumb/v7e-m+fp/softfp/crt0.o
LOAD d:/@School/Archived/junior-s/innovation-tech-challenge-2024/max78000-collect/build/callback.o
LOAD d:/@School/Archived/junior-s/innovation-tech-challenge-2024/max78000-collect/build/main.o
LOAD d:/@School/Archived/junior-s/innovation-tech-challenge-2024/max78000-collect/build/mpu6050.o
LOAD d:/@School/Archived/junior-s/innovation-tech-challenge-2024/max78000-collect/build/wifi.o
LOAD d:/@School/Archived/junior-s/innovation-tech-challenge-2024/max78000-collect/build/board.o
LOAD d:/@School/Archived/junior-s/innovation-tech-challenge-2024/max78000-collect/build/stdio.o
LOAD d:/@School/Archived/junior-s/innovation-tech-challenge-2024/max78000-collect/build/led.o
LOAD d:/@School/Archived/junior-s/innovation-tech-challenge-2024/max78000-collect/build/pb.o
LOAD d:/@School/Archived/junior-s/innovation-tech-challenge-2024/max78000-collect/build/tft_ili9341.o
LOAD d:/@School/Archived/junior-s/innovation-tech-challenge-2024/max78000-collect/build/camera.o
LOAD d:/@School/Archived/junior-s/innovation-tech-challenge-2024/max78000-collect/build/ov7692.o
LOAD d:/@School/Archived/junior-s/innovation-tech-challenge-2024/max78000-collect/build/sccb.o
LOAD d:/@School/Archived/junior-s/innovation-tech-challenge-2024/max78000-collect/build/max20303.o
LOAD d:/@School/Archived/junior-s/innovation-tech-challenge-2024/max78000-collect/build/max9867.o
LOAD d:/@School/Archived/junior-s/innovation-tech-challenge-2024/max78000-collect/build/N01S830HA.o
LOAD d:/@School/Archived/junior-s/innovation-tech-challenge-2024/max78000-collect/build/fastspi.o
LOAD d:/@School/Archived/junior-s/innovation-tech-challenge-2024/max78000-collect/build/startup_max78000.o
LOAD d:/@School/Archived/junior-s/innovation-tech-challenge-2024/max78000-collect/build/heap.o
LOAD d:/@School/Archived/junior-s/innovation-tech-challenge-2024/max78000-collect/build/system_max78000.o
START GROUP
LOAD C:/MaximSDK/Libraries/PeriphDrivers/bin/MAX78000/softfp/libPeriphDriver_softfp.a
LOAD C:/MaximSDK/Libraries/CMSIS/5.9.0/DSP/Lib\libarm_cortexM4l_math.a
LOAD c:/maximsdk/tools/gnutools/10.3/bin/../lib/gcc/arm-none-eabi/10.3.1/../../../../arm-none-eabi/lib/thumb/v7e-m+fp/softfp\libc.a
LOAD c:/maximsdk/tools/gnutools/10.3/bin/../lib/gcc/arm-none-eabi/10.3.1/../../../../arm-none-eabi/lib/thumb/v7e-m+fp/softfp\libm.a
LOAD c:/maximsdk/tools/gnutools/10.3/bin/../lib/gcc/arm-none-eabi/10.3.1/../../../../arm-none-eabi/lib/thumb/v7e-m+fp/softfp\libnosys.a
END GROUP
START GROUP
LOAD c:/maximsdk/tools/gnutools/10.3/bin/../lib/gcc/arm-none-eabi/10.3.1/thumb/v7e-m+fp/softfp\libgcc.a
LOAD c:/maximsdk/tools/gnutools/10.3/bin/../lib/gcc/arm-none-eabi/10.3.1/../../../../arm-none-eabi/lib/thumb/v7e-m+fp/softfp\libc.a
END GROUP
LOAD c:/maximsdk/tools/gnutools/10.3/bin/../lib/gcc/arm-none-eabi/10.3.1/thumb/v7e-m+fp/softfp/crtend.o
LOAD c:/maximsdk/tools/gnutools/10.3/bin/../lib/gcc/arm-none-eabi/10.3.1/thumb/v7e-m+fp/softfp/crtn.o

.rom
 *(.rom_vector)
 *(.rom_handlers*)

.text           0x10000000     0x9d40
                0x10000000                _text = .
 *(.isr_vector)
 .isr_vector    0x10000000      0x1e0 d:/@School/Archived/junior-s/innovation-tech-challenge-2024/max78000-collect/build/startup_max78000.o
                0x10000000                __isr_vector
 EXCLUDE_FILE(*riscv.o) *(.text*)
 .text          0x100001e0       0x40 c:/maximsdk/tools/gnutools/10.3/bin/../lib/gcc/arm-none-eabi/10.3.1/thumb/v7e-m+fp/softfp/crtbegin.o
 .text.register_callback
                0x10000220       0x38 d:/@School/Archived/junior-s/innovation-tech-challenge-2024/max78000-collect/build/callback.o
                0x10000220                register_callback
 .text.MPU6050_DataCallback
                0x10000258      0x190 d:/@School/Archived/junior-s/innovation-tech-challenge-2024/max78000-collect/build/main.o
                0x10000258                MPU6050_DataCallback
 .text.System_Init
                0x100003e8       0x80 d:/@School/Archived/junior-s/innovation-tech-challenge-2024/max78000-collect/build/main.o
                0x100003e8                System_Init
 .text.startup.main
                0x10000468      0x118 d:/@School/Archived/junior-s/innovation-tech-challenge-2024/max78000-collect/build/main.o
                0x10000468                main
 .text.SysTick_Handler
                0x10000580       0x1c d:/@School/Archived/junior-s/innovation-tech-challenge-2024/max78000-collect/build/main.o
                0x10000580                SysTick_Handler
 .text.mpu6050_read_accel_x
                0x1000059c       0x38 d:/@School/Archived/junior-s/innovation-tech-challenge-2024/max78000-collect/build/mpu6050.o
                0x1000059c                mpu6050_read_accel_x
 .text.mpu6050_read_accel_y
                0x100005d4       0x38 d:/@School/Archived/junior-s/innovation-tech-challenge-2024/max78000-collect/build/mpu6050.o
                0x100005d4                mpu6050_read_accel_y
 .text.mpu6050_read_accel_z
                0x1000060c       0x38 d:/@School/Archived/junior-s/innovation-tech-challenge-2024/max78000-collect/build/mpu6050.o
                0x1000060c                mpu6050_read_accel_z
 .text.mpu6050_read_gyro_x
                0x10000644       0x34 d:/@School/Archived/junior-s/innovation-tech-challenge-2024/max78000-collect/build/mpu6050.o
                0x10000644                mpu6050_read_gyro_x
 .text.mpu6050_read_gyro_y
                0x10000678       0x34 d:/@School/Archived/junior-s/innovation-tech-challenge-2024/max78000-collect/build/mpu6050.o
                0x10000678                mpu6050_read_gyro_y
 .text.mpu6050_read_gyro_z
                0x100006ac       0x34 d:/@School/Archived/junior-s/innovation-tech-challenge-2024/max78000-collect/build/mpu6050.o
                0x100006ac                mpu6050_read_gyro_z
 .text.mpu6050_init
                0x100006e0       0x68 d:/@School/Archived/junior-s/innovation-tech-challenge-2024/max78000-collect/build/mpu6050.o
                0x100006e0                mpu6050_init
 .text.mpu6050_config
                0x10000748       0xb0 d:/@School/Archived/junior-s/innovation-tech-challenge-2024/max78000-collect/build/mpu6050.o
                0x10000748                mpu6050_config
 .text.mpu6050_setup
                0x100007f8       0x8c d:/@School/Archived/junior-s/innovation-tech-challenge-2024/max78000-collect/build/mpu6050.o
                0x100007f8                mpu6050_setup
 .text.mxc_assert
                0x10000884       0x10 d:/@School/Archived/junior-s/innovation-tech-challenge-2024/max78000-collect/build/board.o
                0x10000884                mxc_assert
 .text.GPIO0_IRQHandler
                0x10000894        0x8 d:/@School/Archived/junior-s/innovation-tech-challenge-2024/max78000-collect/build/board.o
                0x10000894                GPIO0_IRQHandler
 .text.GPIO1_IRQHandler
                0x1000089c        0x8 d:/@School/Archived/junior-s/innovation-tech-challenge-2024/max78000-collect/build/board.o
                0x1000089c                GPIO1_IRQHandler
 .text.Board_Init
                0x100008a4       0x6c d:/@School/Archived/junior-s/innovation-tech-challenge-2024/max78000-collect/build/board.o
                0x100008a4                Board_Init
 .text.NMI_Handler
                0x10000910        0x4 d:/@School/Archived/junior-s/innovation-tech-challenge-2024/max78000-collect/build/board.o
                0x10000910                NMI_Handler
 .text._close   0x10000914        0x8 d:/@School/Archived/junior-s/innovation-tech-challenge-2024/max78000-collect/build/stdio.o
                0x10000914                _close
 .text._isatty  0x1000091c        0x8 d:/@School/Archived/junior-s/innovation-tech-challenge-2024/max78000-collect/build/stdio.o
                0x1000091c                _isatty
 .text._lseek   0x10000924        0x8 d:/@School/Archived/junior-s/innovation-tech-challenge-2024/max78000-collect/build/stdio.o
                0x10000924                _lseek
 .text._fstat   0x1000092c        0x8 d:/@School/Archived/junior-s/innovation-tech-challenge-2024/max78000-collect/build/stdio.o
                0x1000092c                _fstat
 .text._read    0x10000934       0x50 d:/@School/Archived/junior-s/innovation-tech-challenge-2024/max78000-collect/build/stdio.o
                0x10000934                _read
 .text._write   0x10000984       0x54 d:/@School/Archived/junior-s/innovation-tech-challenge-2024/max78000-collect/build/stdio.o
                0x10000984                _write
 .text.LED_Init
                0x100009d8       0x40 d:/@School/Archived/junior-s/innovation-tech-challenge-2024/max78000-collect/build/led.o
                0x100009d8                LED_Init
 .text.LED_On   0x10000a18       0x40 d:/@School/Archived/junior-s/innovation-tech-challenge-2024/max78000-collect/build/led.o
                0x10000a18                LED_On
 .text.LED_Off  0x10000a58       0x40 d:/@School/Archived/junior-s/innovation-tech-challenge-2024/max78000-collect/build/led.o
                0x10000a58                LED_Off
 .text.PB_Init  0x10000a98       0x38 d:/@School/Archived/junior-s/innovation-tech-challenge-2024/max78000-collect/build/pb.o
                0x10000a98                PB_Init
 .text          0x10000ad0      0x148 d:/@School/Archived/junior-s/innovation-tech-challenge-2024/max78000-collect/build/startup_max78000.o
                0x10000ad0                Reset_Handler
                0x10000b0e                HardFault_Handler
                0x10000b10                MemManage_Handler
                0x10000b12                BusFault_Handler
                0x10000b14                UsageFault_Handler
                0x10000b16                SVC_Handler
                0x10000b18                DebugMon_Handler
                0x10000b1a                PendSV_Handler
                0x10000b1e                Default_Handler
                0x10000b20                PF_IRQHandler
                0x10000b22                WDT0_IRQHandler
                0x10000b24                RSV02_IRQHandler
                0x10000b26                RTC_IRQHandler
                0x10000b28                TRNG_IRQHandler
                0x10000b2a                TMR0_IRQHandler
                0x10000b2c                TMR1_IRQHandler
                0x10000b2e                TMR2_IRQHandler
                0x10000b30                TMR3_IRQHandler
                0x10000b32                TMR4_IRQHandler
                0x10000b34                TMR5_IRQHandler
                0x10000b36                RSV11_IRQHandler
                0x10000b38                RSV12_IRQHandler
                0x10000b3a                I2C0_IRQHandler
                0x10000b3c                UART0_IRQHandler
                0x10000b3e                UART1_IRQHandler
                0x10000b40                SPI1_IRQHandler
                0x10000b42                RSV17_IRQHandler
                0x10000b44                RSV18_IRQHandler
                0x10000b46                RSV19_IRQHandler
                0x10000b48                ADC_IRQHandler
                0x10000b4a                RSV21_IRQHandler
                0x10000b4c                RSV22_IRQHandler
                0x10000b4e                FLC0_IRQHandler
                0x10000b54                GPIO2_IRQHandler
                0x10000b56                RSV27_IRQHandler
                0x10000b58                DMA0_IRQHandler
                0x10000b5a                DMA1_IRQHandler
                0x10000b5c                DMA2_IRQHandler
                0x10000b5e                DMA3_IRQHandler
                0x10000b60                RSV32_IRQHandler
                0x10000b62                RSV33_IRQHandler
                0x10000b64                UART2_IRQHandler
                0x10000b66                RSV35_IRQHandler
                0x10000b68                I2C1_IRQHandler
                0x10000b6a                RSV37_IRQHandler
                0x10000b6c                RSV38_IRQHandler
                0x10000b6e                RSV39_IRQHandler
                0x10000b70                RSV40_IRQHandler
                0x10000b72                RSV41_IRQHandler
                0x10000b74                RSV42_IRQHandler
                0x10000b76                RSV43_IRQHandler
                0x10000b78                RSV44_IRQHandler
                0x10000b7a                RSV45_IRQHandler
                0x10000b7c                RSV46_IRQHandler
                0x10000b7e                RSV47_IRQHandler
                0x10000b80                RSV48_IRQHandler
                0x10000b82                RSV49_IRQHandler
                0x10000b84                RSV50_IRQHandler
                0x10000b86                RSV51_IRQHandler
                0x10000b88                RSV52_IRQHandler
                0x10000b8a                WUT_IRQHandler
                0x10000b8c                GPIOWAKE_IRQHandler
                0x10000b8e                RSV55_IRQHandler
                0x10000b90                SPI0_IRQHandler
                0x10000b92                WDT1_IRQHandler
                0x10000b94                RSV58_IRQHandler
                0x10000b96                PT_IRQHandler
                0x10000b98                RSV60_IRQHandler
                0x10000b9a                RSV61_IRQHandler
                0x10000b9c                I2C2_IRQHandler
                0x10000b9e                RISCV_IRQHandler
                0x10000ba0                RSV64_IRQHandler
                0x10000ba2                RSV65_IRQHandler
                0x10000ba4                RSV66_IRQHandler
                0x10000ba6                OWM_IRQHandler
                0x10000ba8                RSV68_IRQHandler
                0x10000baa                RSV69_IRQHandler
                0x10000bac                RSV70_IRQHandler
                0x10000bae                RSV71_IRQHandler
                0x10000bb0                RSV72_IRQHandler
                0x10000bb2                RSV73_IRQHandler
                0x10000bb4                RSV74_IRQHandler
                0x10000bb6                RSV75_IRQHandler
                0x10000bb8                RSV76_IRQHandler
                0x10000bba                RSV77_IRQHandler
                0x10000bbc                RSV78_IRQHandler
                0x10000bbe                RSV79_IRQHandler
                0x10000bc0                RSV80_IRQHandler
                0x10000bc2                RSV81_IRQHandler
                0x10000bc4                ECC_IRQHandler
                0x10000bc6                DVS_IRQHandler
                0x10000bc8                SIMO_IRQHandler
                0x10000bca                RSV85_IRQHandler
                0x10000bcc                RSV86_IRQHandler
                0x10000bce                RSV87_IRQHandler
                0x10000bd0                UART3_IRQHandler
                0x10000bd2                RSV89_IRQHandler
                0x10000bd4                RSV90_IRQHandler
                0x10000bd6                PCIF_IRQHandler
                0x10000bd8                RSV92_IRQHandler
                0x10000bda                RSV93_IRQHandler
                0x10000bdc                RSV94_IRQHandler
                0x10000bde                RSV95_IRQHandler
                0x10000be0                RSV96_IRQHandler
                0x10000be2                AES_IRQHandler
                0x10000be4                RSV98_IRQHandler
                0x10000be6                I2S_IRQHandler
                0x10000be8                CNN_FIFO_IRQHandler
                0x10000bea                CNN_IRQHandler
                0x10000bec                RSV102_IRQHandler
                0x10000bee                LPCMP_IRQHandler
 .text._sbrk    0x10000c18       0x3c d:/@School/Archived/junior-s/innovation-tech-challenge-2024/max78000-collect/build/heap.o
                0x10000c18                _sbrk
 .text._getpid  0x10000c54        0x8 d:/@School/Archived/junior-s/innovation-tech-challenge-2024/max78000-collect/build/system_max78000.o
                0x10000c54                _getpid
 .text._kill    0x10000c5c        0x8 d:/@School/Archived/junior-s/innovation-tech-challenge-2024/max78000-collect/build/system_max78000.o
                0x10000c5c                _kill
 .text.SystemCoreClockUpdate
                0x10000c64       0x68 d:/@School/Archived/junior-s/innovation-tech-challenge-2024/max78000-collect/build/system_max78000.o
                0x10000c64                SystemCoreClockUpdate
 .text.PreInit  0x10000ccc        0x4 d:/@School/Archived/junior-s/innovation-tech-challenge-2024/max78000-collect/build/system_max78000.o
                0x10000ccc                PreInit
 .text.SystemInit
                0x10000cd0       0x38 d:/@School/Archived/junior-s/innovation-tech-challenge-2024/max78000-collect/build/system_max78000.o
                0x10000cd0                SystemInit
 .text.MXC_DelayInit
                0x10000d08       0x7c C:/MaximSDK/Libraries/PeriphDrivers/bin/MAX78000/softfp/libPeriphDriver_softfp.a(mxc_delay.o)
 .text.MXC_DelayAsync
                0x10000d84       0x3c C:/MaximSDK/Libraries/PeriphDrivers/bin/MAX78000/softfp/libPeriphDriver_softfp.a(mxc_delay.o)
                0x10000d84                MXC_DelayAsync
 .text.MXC_DelayCheck
                0x10000dc0       0x70 C:/MaximSDK/Libraries/PeriphDrivers/bin/MAX78000/softfp/libPeriphDriver_softfp.a(mxc_delay.o)
                0x10000dc0                MXC_DelayCheck
 .text.MXC_DelayAbort
                0x10000e30       0x34 C:/MaximSDK/Libraries/PeriphDrivers/bin/MAX78000/softfp/libPeriphDriver_softfp.a(mxc_delay.o)
                0x10000e30                MXC_DelayAbort
 .text.MXC_Delay
                0x10000e64       0x74 C:/MaximSDK/Libraries/PeriphDrivers/bin/MAX78000/softfp/libPeriphDriver_softfp.a(mxc_delay.o)
                0x10000e64                MXC_Delay
 .text.MXC_SYS_ClockDisable
                0x10000ed8       0x44 C:/MaximSDK/Libraries/PeriphDrivers/bin/MAX78000/softfp/libPeriphDriver_softfp.a(sys_ai85.o)
                0x10000ed8                MXC_SYS_ClockDisable
 .text.MXC_SYS_ClockEnable
                0x10000f1c       0x4c C:/MaximSDK/Libraries/PeriphDrivers/bin/MAX78000/softfp/libPeriphDriver_softfp.a(sys_ai85.o)
                0x10000f1c                MXC_SYS_ClockEnable
 .text.MXC_SYS_ClockSourceEnable
                0x10000f68       0xf4 C:/MaximSDK/Libraries/PeriphDrivers/bin/MAX78000/softfp/libPeriphDriver_softfp.a(sys_ai85.o)
                0x10000f68                MXC_SYS_ClockSourceEnable
 .text.MXC_SYS_Reset_Periph
                0x1000105c       0x50 C:/MaximSDK/Libraries/PeriphDrivers/bin/MAX78000/softfp/libPeriphDriver_softfp.a(sys_ai85.o)
                0x1000105c                MXC_SYS_Reset_Periph
 .text.MXC_DMA_DeInit
                0x100010ac        0xc C:/MaximSDK/Libraries/PeriphDrivers/bin/MAX78000/softfp/libPeriphDriver_softfp.a(dma_me17.o)
                0x100010ac                MXC_DMA_DeInit
 .text.MXC_DMA_ReleaseChannel
                0x100010b8        0x4 C:/MaximSDK/Libraries/PeriphDrivers/bin/MAX78000/softfp/libPeriphDriver_softfp.a(dma_me17.o)
                0x100010b8                MXC_DMA_ReleaseChannel
 .text.MXC_DMA_RevA_DeInit
                0x100010bc       0x3c C:/MaximSDK/Libraries/PeriphDrivers/bin/MAX78000/softfp/libPeriphDriver_softfp.a(dma_reva.o)
                0x100010bc                MXC_DMA_RevA_DeInit
 .text.MXC_DMA_RevA_ReleaseChannel
                0x100010f8       0x48 C:/MaximSDK/Libraries/PeriphDrivers/bin/MAX78000/softfp/libPeriphDriver_softfp.a(dma_reva.o)
                0x100010f8                MXC_DMA_RevA_ReleaseChannel
 .text.MXC_GPIO_Init
                0x10001140       0x40 C:/MaximSDK/Libraries/PeriphDrivers/bin/MAX78000/softfp/libPeriphDriver_softfp.a(gpio_ai85.o)
                0x10001140                MXC_GPIO_Init
 .text.MXC_GPIO_Config
                0x10001180      0x218 C:/MaximSDK/Libraries/PeriphDrivers/bin/MAX78000/softfp/libPeriphDriver_softfp.a(gpio_ai85.o)
                0x10001180                MXC_GPIO_Config
 .text.MXC_GPIO_OutSet
                0x10001398       0x30 C:/MaximSDK/Libraries/PeriphDrivers/bin/MAX78000/softfp/libPeriphDriver_softfp.a(gpio_ai85.o)
                0x10001398                MXC_GPIO_OutSet
 .text.MXC_GPIO_OutClr
                0x100013c8       0x34 C:/MaximSDK/Libraries/PeriphDrivers/bin/MAX78000/softfp/libPeriphDriver_softfp.a(gpio_ai85.o)
                0x100013c8                MXC_GPIO_OutClr
 .text.MXC_GPIO_Handler
                0x100013fc        0x4 C:/MaximSDK/Libraries/PeriphDrivers/bin/MAX78000/softfp/libPeriphDriver_softfp.a(gpio_ai85.o)
                0x100013fc                MXC_GPIO_Handler
 .text.MXC_GPIO_ClearFlags
                0x10001400       0x18 C:/MaximSDK/Libraries/PeriphDrivers/bin/MAX78000/softfp/libPeriphDriver_softfp.a(gpio_ai85.o)
                0x10001400                MXC_GPIO_ClearFlags
 .text.MXC_GPIO_GetFlags
                0x10001418       0x18 C:/MaximSDK/Libraries/PeriphDrivers/bin/MAX78000/softfp/libPeriphDriver_softfp.a(gpio_ai85.o)
                0x10001418                MXC_GPIO_GetFlags
 .text.MXC_GPIO_RevA_OutSet
                0x10001430        0x4 C:/MaximSDK/Libraries/PeriphDrivers/bin/MAX78000/softfp/libPeriphDriver_softfp.a(gpio_reva.o)
                0x10001430                MXC_GPIO_RevA_OutSet
 .text.MXC_GPIO_RevA_OutClr
                0x10001434        0x4 C:/MaximSDK/Libraries/PeriphDrivers/bin/MAX78000/softfp/libPeriphDriver_softfp.a(gpio_reva.o)
                0x10001434                MXC_GPIO_RevA_OutClr
 .text.MXC_GPIO_RevA_ClearFlags
                0x10001438        0x4 C:/MaximSDK/Libraries/PeriphDrivers/bin/MAX78000/softfp/libPeriphDriver_softfp.a(gpio_reva.o)
                0x10001438                MXC_GPIO_RevA_ClearFlags
 .text.MXC_GPIO_RevA_GetFlags
                0x1000143c        0x4 C:/MaximSDK/Libraries/PeriphDrivers/bin/MAX78000/softfp/libPeriphDriver_softfp.a(gpio_reva.o)
                0x1000143c                MXC_GPIO_RevA_GetFlags
 .text.MXC_GPIO_RevA_SetVSSEL
                0x10001440       0x30 C:/MaximSDK/Libraries/PeriphDrivers/bin/MAX78000/softfp/libPeriphDriver_softfp.a(gpio_reva.o)
                0x10001440                MXC_GPIO_RevA_SetVSSEL
 .text.MXC_GPIO_RevA_SetAF
                0x10001470       0x6c C:/MaximSDK/Libraries/PeriphDrivers/bin/MAX78000/softfp/libPeriphDriver_softfp.a(gpio_reva.o)
                0x10001470                MXC_GPIO_RevA_SetAF
 .text.MXC_GPIO_RevA_SetDriveStrength
                0x100014dc       0x74 C:/MaximSDK/Libraries/PeriphDrivers/bin/MAX78000/softfp/libPeriphDriver_softfp.a(gpio_reva.o)
                0x100014dc                MXC_GPIO_RevA_SetDriveStrength
 .text.MXC_I2C_SetSlaveAddr
                0x10001550        0xc C:/MaximSDK/Libraries/PeriphDrivers/bin/MAX78000/softfp/libPeriphDriver_softfp.a(i2c_me17.o)
                0x10001550                MXC_I2C_SetSlaveAddr
 .text.MXC_I2C_Shutdown
                0x1000155c       0x6c C:/MaximSDK/Libraries/PeriphDrivers/bin/MAX78000/softfp/libPeriphDriver_softfp.a(i2c_me17.o)
                0x1000155c                MXC_I2C_Shutdown
 .text.MXC_I2C_Init
                0x100015c8       0x94 C:/MaximSDK/Libraries/PeriphDrivers/bin/MAX78000/softfp/libPeriphDriver_softfp.a(i2c_me17.o)
                0x100015c8                MXC_I2C_Init
 .text.MXC_I2C_SetFrequency
                0x1000165c        0x4 C:/MaximSDK/Libraries/PeriphDrivers/bin/MAX78000/softfp/libPeriphDriver_softfp.a(i2c_me17.o)
                0x1000165c                MXC_I2C_SetFrequency
 .text.MXC_I2C_GetFrequency
                0x10001660        0x4 C:/MaximSDK/Libraries/PeriphDrivers/bin/MAX78000/softfp/libPeriphDriver_softfp.a(i2c_me17.o)
                0x10001660                MXC_I2C_GetFrequency
 .text.MXC_I2C_Start
                0x10001664        0x4 C:/MaximSDK/Libraries/PeriphDrivers/bin/MAX78000/softfp/libPeriphDriver_softfp.a(i2c_me17.o)
                0x10001664                MXC_I2C_Start
 .text.MXC_I2C_Stop
                0x10001668        0x4 C:/MaximSDK/Libraries/PeriphDrivers/bin/MAX78000/softfp/libPeriphDriver_softfp.a(i2c_me17.o)
                0x10001668                MXC_I2C_Stop
 .text.MXC_I2C_ReadRXFIFO
                0x1000166c        0x4 C:/MaximSDK/Libraries/PeriphDrivers/bin/MAX78000/softfp/libPeriphDriver_softfp.a(i2c_me17.o)
                0x1000166c                MXC_I2C_ReadRXFIFO
 .text.MXC_I2C_WriteTXFIFO
                0x10001670        0x4 C:/MaximSDK/Libraries/PeriphDrivers/bin/MAX78000/softfp/libPeriphDriver_softfp.a(i2c_me17.o)
                0x10001670                MXC_I2C_WriteTXFIFO
 .text.MXC_I2C_ClearRXFIFO
                0x10001674        0x4 C:/MaximSDK/Libraries/PeriphDrivers/bin/MAX78000/softfp/libPeriphDriver_softfp.a(i2c_me17.o)
                0x10001674                MXC_I2C_ClearRXFIFO
 .text.MXC_I2C_ClearTXFIFO
                0x10001678        0x4 C:/MaximSDK/Libraries/PeriphDrivers/bin/MAX78000/softfp/libPeriphDriver_softfp.a(i2c_me17.o)
                0x10001678                MXC_I2C_ClearTXFIFO
 .text.MXC_I2C_ClearFlags
                0x1000167c        0x4 C:/MaximSDK/Libraries/PeriphDrivers/bin/MAX78000/softfp/libPeriphDriver_softfp.a(i2c_me17.o)
                0x1000167c                MXC_I2C_ClearFlags
 .text.MXC_I2C_Recover
                0x10001680        0x4 C:/MaximSDK/Libraries/PeriphDrivers/bin/MAX78000/softfp/libPeriphDriver_softfp.a(i2c_me17.o)
                0x10001680                MXC_I2C_Recover
 .text.MXC_I2C_MasterTransaction
                0x10001684        0x4 C:/MaximSDK/Libraries/PeriphDrivers/bin/MAX78000/softfp/libPeriphDriver_softfp.a(i2c_me17.o)
                0x10001684                MXC_I2C_MasterTransaction
 .text.MXC_I2C_SetRXThreshold
                0x10001688        0x4 C:/MaximSDK/Libraries/PeriphDrivers/bin/MAX78000/softfp/libPeriphDriver_softfp.a(i2c_me17.o)
                0x10001688                MXC_I2C_SetRXThreshold
 .text.MXC_I2C_SetTXThreshold
                0x1000168c        0x4 C:/MaximSDK/Libraries/PeriphDrivers/bin/MAX78000/softfp/libPeriphDriver_softfp.a(i2c_me17.o)
                0x1000168c                MXC_I2C_SetTXThreshold
 .text.MXC_I2C_RevA_Init
                0x10001690      0x104 C:/MaximSDK/Libraries/PeriphDrivers/bin/MAX78000/softfp/libPeriphDriver_softfp.a(i2c_reva.o)
                0x10001690                MXC_I2C_RevA_Init
 .text.MXC_I2C_RevA_SetSlaveAddr
                0x10001794       0x3c C:/MaximSDK/Libraries/PeriphDrivers/bin/MAX78000/softfp/libPeriphDriver_softfp.a(i2c_reva.o)
                0x10001794                MXC_I2C_RevA_SetSlaveAddr
 .text.MXC_I2C_RevA_Shutdown
                0x100017d0       0xac C:/MaximSDK/Libraries/PeriphDrivers/bin/MAX78000/softfp/libPeriphDriver_softfp.a(i2c_reva.o)
                0x100017d0                MXC_I2C_RevA_Shutdown
 .text.MXC_I2C_RevA_SetFrequency
                0x1000187c       0xc0 C:/MaximSDK/Libraries/PeriphDrivers/bin/MAX78000/softfp/libPeriphDriver_softfp.a(i2c_reva.o)
                0x1000187c                MXC_I2C_RevA_SetFrequency
 .text.MXC_I2C_RevA_GetFrequency
                0x1000193c       0x38 C:/MaximSDK/Libraries/PeriphDrivers/bin/MAX78000/softfp/libPeriphDriver_softfp.a(i2c_reva.o)
                0x1000193c                MXC_I2C_RevA_GetFrequency
 .text.MXC_I2C_RevA_Start
                0x10001974       0x24 C:/MaximSDK/Libraries/PeriphDrivers/bin/MAX78000/softfp/libPeriphDriver_softfp.a(i2c_reva.o)
                0x10001974                MXC_I2C_RevA_Start
 .text.MXC_I2C_RevA_Stop
                0x10001998       0x1c C:/MaximSDK/Libraries/PeriphDrivers/bin/MAX78000/softfp/libPeriphDriver_softfp.a(i2c_reva.o)
                0x10001998                MXC_I2C_RevA_Stop
 .text.MXC_I2C_RevA_ReadRXFIFO
                0x100019b4       0x30 C:/MaximSDK/Libraries/PeriphDrivers/bin/MAX78000/softfp/libPeriphDriver_softfp.a(i2c_reva.o)
                0x100019b4                MXC_I2C_RevA_ReadRXFIFO
 .text.MXC_I2C_RevA_WriteTXFIFO
                0x100019e4       0x30 C:/MaximSDK/Libraries/PeriphDrivers/bin/MAX78000/softfp/libPeriphDriver_softfp.a(i2c_reva.o)
                0x100019e4                MXC_I2C_RevA_WriteTXFIFO
 .text.MXC_I2C_RevA_ClearRXFIFO
                0x10001a14       0x10 C:/MaximSDK/Libraries/PeriphDrivers/bin/MAX78000/softfp/libPeriphDriver_softfp.a(i2c_reva.o)
                0x10001a14                MXC_I2C_RevA_ClearRXFIFO
 .text.MXC_I2C_RevA_ClearTXFIFO
                0x10001a24       0x10 C:/MaximSDK/Libraries/PeriphDrivers/bin/MAX78000/softfp/libPeriphDriver_softfp.a(i2c_reva.o)
                0x10001a24                MXC_I2C_RevA_ClearTXFIFO
 .text.MXC_I2C_RevA_ClearFlags
                0x10001a34        0x8 C:/MaximSDK/Libraries/PeriphDrivers/bin/MAX78000/softfp/libPeriphDriver_softfp.a(i2c_reva.o)
                0x10001a34                MXC_I2C_RevA_ClearFlags
 .text.MXC_I2C_RevA_Recover
                0x10001a3c       0xd8 C:/MaximSDK/Libraries/PeriphDrivers/bin/MAX78000/softfp/libPeriphDriver_softfp.a(i2c_reva.o)
                0x10001a3c                MXC_I2C_RevA_Recover
 .text.MXC_I2C_RevA_MasterTransaction
                0x10001b14      0x1bc C:/MaximSDK/Libraries/PeriphDrivers/bin/MAX78000/softfp/libPeriphDriver_softfp.a(i2c_reva.o)
                0x10001b14                MXC_I2C_RevA_MasterTransaction
 .text.MXC_I2C_RevA_SetRXThreshold
                0x10001cd0       0x20 C:/MaximSDK/Libraries/PeriphDrivers/bin/MAX78000/softfp/libPeriphDriver_softfp.a(i2c_reva.o)
                0x10001cd0                MXC_I2C_RevA_SetRXThreshold
 .text.MXC_I2C_RevA_SetTXThreshold
                0x10001cf0       0x24 C:/MaximSDK/Libraries/PeriphDrivers/bin/MAX78000/softfp/libPeriphDriver_softfp.a(i2c_reva.o)
                0x10001cf0                MXC_I2C_RevA_SetTXThreshold
 .text.MXC_ICC_Enable
                0x10001d14        0x4 C:/MaximSDK/Libraries/PeriphDrivers/bin/MAX78000/softfp/libPeriphDriver_softfp.a(icc_me17.o)
                0x10001d14                MXC_ICC_Enable
 .text.MXC_ICC_RevA_Enable
                0x10001d18       0x30 C:/MaximSDK/Libraries/PeriphDrivers/bin/MAX78000/softfp/libPeriphDriver_softfp.a(icc_reva.o)
                0x10001d18                MXC_ICC_RevA_Enable
 .text.MXC_UART_Shutdown
                0x10001d48       0x70 C:/MaximSDK/Libraries/PeriphDrivers/bin/MAX78000/softfp/libPeriphDriver_softfp.a(uart_ai85.o)
                0x10001d48                MXC_UART_Shutdown
 .text.MXC_UART_Init
                0x10001db8       0xb8 C:/MaximSDK/Libraries/PeriphDrivers/bin/MAX78000/softfp/libPeriphDriver_softfp.a(uart_ai85.o)
                0x10001db8                MXC_UART_Init
 .text.MXC_UART_SetFrequency
                0x10001e70       0xcc C:/MaximSDK/Libraries/PeriphDrivers/bin/MAX78000/softfp/libPeriphDriver_softfp.a(uart_ai85.o)
                0x10001e70                MXC_UART_SetFrequency
 .text.MXC_UART_GetFrequency
                0x10001f3c       0x54 C:/MaximSDK/Libraries/PeriphDrivers/bin/MAX78000/softfp/libPeriphDriver_softfp.a(uart_ai85.o)
                0x10001f3c                MXC_UART_GetFrequency
 .text.MXC_UART_SetDataSize
                0x10001f90        0x4 C:/MaximSDK/Libraries/PeriphDrivers/bin/MAX78000/softfp/libPeriphDriver_softfp.a(uart_ai85.o)
                0x10001f90                MXC_UART_SetDataSize
 .text.MXC_UART_SetStopBits
                0x10001f94        0x4 C:/MaximSDK/Libraries/PeriphDrivers/bin/MAX78000/softfp/libPeriphDriver_softfp.a(uart_ai85.o)
                0x10001f94                MXC_UART_SetStopBits
 .text.MXC_UART_SetParity
                0x10001f98        0x4 C:/MaximSDK/Libraries/PeriphDrivers/bin/MAX78000/softfp/libPeriphDriver_softfp.a(uart_ai85.o)
                0x10001f98                MXC_UART_SetParity
 .text.MXC_UART_ReadCharacterRaw
                0x10001f9c        0x4 C:/MaximSDK/Libraries/PeriphDrivers/bin/MAX78000/softfp/libPeriphDriver_softfp.a(uart_ai85.o)
                0x10001f9c                MXC_UART_ReadCharacterRaw
 .text.MXC_UART_WriteCharacterRaw
                0x10001fa0        0x4 C:/MaximSDK/Libraries/PeriphDrivers/bin/MAX78000/softfp/libPeriphDriver_softfp.a(uart_ai85.o)
                0x10001fa0                MXC_UART_WriteCharacterRaw
 .text.MXC_UART_ReadCharacter
                0x10001fa4        0x4 C:/MaximSDK/Libraries/PeriphDrivers/bin/MAX78000/softfp/libPeriphDriver_softfp.a(uart_ai85.o)
                0x10001fa4                MXC_UART_ReadCharacter
 .text.MXC_UART_WriteCharacter
                0x10001fa8        0x4 C:/MaximSDK/Libraries/PeriphDrivers/bin/MAX78000/softfp/libPeriphDriver_softfp.a(uart_ai85.o)
                0x10001fa8                MXC_UART_WriteCharacter
 .text.MXC_UART_GetRXFIFOAvailable
                0x10001fac        0x4 C:/MaximSDK/Libraries/PeriphDrivers/bin/MAX78000/softfp/libPeriphDriver_softfp.a(uart_ai85.o)
                0x10001fac                MXC_UART_GetRXFIFOAvailable
 .text.MXC_UART_GetTXFIFOAvailable
                0x10001fb0        0x4 C:/MaximSDK/Libraries/PeriphDrivers/bin/MAX78000/softfp/libPeriphDriver_softfp.a(uart_ai85.o)
                0x10001fb0                MXC_UART_GetTXFIFOAvailable
 .text.MXC_UART_SetRXThreshold
                0x10001fb4        0x4 C:/MaximSDK/Libraries/PeriphDrivers/bin/MAX78000/softfp/libPeriphDriver_softfp.a(uart_ai85.o)
                0x10001fb4                MXC_UART_SetRXThreshold
 .text.MXC_UART_Common_ReadCharacter
                0x10001fb8       0x18 C:/MaximSDK/Libraries/PeriphDrivers/bin/MAX78000/softfp/libPeriphDriver_softfp.a(uart_common.o)
                0x10001fb8                MXC_UART_Common_ReadCharacter
 .text.MXC_UART_Common_WriteCharacter
                0x10001fd0       0x1c C:/MaximSDK/Libraries/PeriphDrivers/bin/MAX78000/softfp/libPeriphDriver_softfp.a(uart_common.o)
                0x10001fd0                MXC_UART_Common_WriteCharacter
 .text.MXC_UART_RevB_Init
                0x10001fec       0xdc C:/MaximSDK/Libraries/PeriphDrivers/bin/MAX78000/softfp/libPeriphDriver_softfp.a(uart_revb.o)
                0x10001fec                MXC_UART_RevB_Init
 .text.MXC_UART_RevB_SetFrequency
                0x100020c8       0x74 C:/MaximSDK/Libraries/PeriphDrivers/bin/MAX78000/softfp/libPeriphDriver_softfp.a(uart_revb.o)
                0x100020c8                MXC_UART_RevB_SetFrequency
 .text.MXC_UART_RevB_GetFrequency
                0x1000213c       0x54 C:/MaximSDK/Libraries/PeriphDrivers/bin/MAX78000/softfp/libPeriphDriver_softfp.a(uart_revb.o)
                0x1000213c                MXC_UART_RevB_GetFrequency
 .text.MXC_UART_RevB_SetDataSize
                0x10002190       0x20 C:/MaximSDK/Libraries/PeriphDrivers/bin/MAX78000/softfp/libPeriphDriver_softfp.a(uart_revb.o)
                0x10002190                MXC_UART_RevB_SetDataSize
 .text.MXC_UART_RevB_SetStopBits
                0x100021b0       0x28 C:/MaximSDK/Libraries/PeriphDrivers/bin/MAX78000/softfp/libPeriphDriver_softfp.a(uart_revb.o)
                0x100021b0                MXC_UART_RevB_SetStopBits
 .text.MXC_UART_RevB_SetParity
                0x100021d8       0x94 C:/MaximSDK/Libraries/PeriphDrivers/bin/MAX78000/softfp/libPeriphDriver_softfp.a(uart_revb.o)
                0x100021d8                MXC_UART_RevB_SetParity
 .text.MXC_UART_RevB_ReadCharacterRaw
                0x1000226c       0x10 C:/MaximSDK/Libraries/PeriphDrivers/bin/MAX78000/softfp/libPeriphDriver_softfp.a(uart_revb.o)
                0x1000226c                MXC_UART_RevB_ReadCharacterRaw
 .text.MXC_UART_RevB_WriteCharacterRaw
                0x1000227c       0x14 C:/MaximSDK/Libraries/PeriphDrivers/bin/MAX78000/softfp/libPeriphDriver_softfp.a(uart_revb.o)
                0x1000227c                MXC_UART_RevB_WriteCharacterRaw
 .text.MXC_UART_RevB_GetRXFIFOAvailable
                0x10002290        0x8 C:/MaximSDK/Libraries/PeriphDrivers/bin/MAX78000/softfp/libPeriphDriver_softfp.a(uart_revb.o)
                0x10002290                MXC_UART_RevB_GetRXFIFOAvailable
 .text.MXC_UART_RevB_GetTXFIFOAvailable
                0x10002298        0xc C:/MaximSDK/Libraries/PeriphDrivers/bin/MAX78000/softfp/libPeriphDriver_softfp.a(uart_revb.o)
                0x10002298                MXC_UART_RevB_GetTXFIFOAvailable
 .text.MXC_UART_RevB_SetRXThreshold
                0x100022a4       0x1c C:/MaximSDK/Libraries/PeriphDrivers/bin/MAX78000/softfp/libPeriphDriver_softfp.a(uart_revb.o)
                0x100022a4                MXC_UART_RevB_SetRXThreshold
 .text.MXC_GetLock
                0x100022c0       0x1c C:/MaximSDK/Libraries/PeriphDrivers/bin/MAX78000/softfp/libPeriphDriver_softfp.a(mxc_lock.o)
                0x100022c0                MXC_GetLock
 .text.MXC_FreeLock
                0x100022dc        0xc C:/MaximSDK/Libraries/PeriphDrivers/bin/MAX78000/softfp/libPeriphDriver_softfp.a(mxc_lock.o)
                0x100022dc                MXC_FreeLock
 .text.MXC_GPIO_Common_Init
                0x100022e8       0x24 C:/MaximSDK/Libraries/PeriphDrivers/bin/MAX78000/softfp/libPeriphDriver_softfp.a(gpio_common.o)
                0x100022e8                MXC_GPIO_Common_Init
 .text.MXC_GPIO_Common_Handler
                0x1000230c       0x88 C:/MaximSDK/Libraries/PeriphDrivers/bin/MAX78000/softfp/libPeriphDriver_softfp.a(gpio_common.o)
                0x1000230c                MXC_GPIO_Common_Handler
 .text.__errno  0x10002394        0xc c:/maximsdk/tools/gnutools/10.3/bin/../lib/gcc/arm-none-eabi/10.3.1/../../../../arm-none-eabi/lib/thumb/v7e-m+fp/softfp\libc.a(lib_a-errno.o)
                0x10002394                __errno
 .text.__libc_init_array
                0x100023a0       0x48 c:/maximsdk/tools/gnutools/10.3/bin/../lib/gcc/arm-none-eabi/10.3.1/../../../../arm-none-eabi/lib/thumb/v7e-m+fp/softfp\libc.a(lib_a-init.o)
                0x100023a0                __libc_init_array
 .text.malloc   0x100023e8       0x10 c:/maximsdk/tools/gnutools/10.3/bin/../lib/gcc/arm-none-eabi/10.3.1/../../../../arm-none-eabi/lib/thumb/v7e-m+fp/softfp\libc.a(lib_a-malloc.o)
                0x100023e8                malloc
 .text._malloc_r
                0x100023f8      0x560 c:/maximsdk/tools/gnutools/10.3/bin/../lib/gcc/arm-none-eabi/10.3.1/../../../../arm-none-eabi/lib/thumb/v7e-m+fp/softfp\libc.a(lib_a-mallocr.o)
                0x100023f8                _malloc_r
 .text          0x10002958      0x134 c:/maximsdk/tools/gnutools/10.3/bin/../lib/gcc/arm-none-eabi/10.3.1/../../../../arm-none-eabi/lib/thumb/v7e-m+fp/softfp\libc.a(lib_a-memcpy.o)
                0x10002958                memcpy
 .text.memset   0x10002a8c       0xa4 c:/maximsdk/tools/gnutools/10.3/bin/../lib/gcc/arm-none-eabi/10.3.1/../../../../arm-none-eabi/lib/thumb/v7e-m+fp/softfp\libc.a(lib_a-memset.o)
                0x10002a8c                memset
 .text.__malloc_lock
                0x10002b30        0xc c:/maximsdk/tools/gnutools/10.3/bin/../lib/gcc/arm-none-eabi/10.3.1/../../../../arm-none-eabi/lib/thumb/v7e-m+fp/softfp\libc.a(lib_a-mlock.o)
                0x10002b30                __malloc_lock
 .text.__malloc_unlock
                0x10002b3c        0xc c:/maximsdk/tools/gnutools/10.3/bin/../lib/gcc/arm-none-eabi/10.3.1/../../../../arm-none-eabi/lib/thumb/v7e-m+fp/softfp\libc.a(lib_a-mlock.o)
                0x10002b3c                __malloc_unlock
 .text.printf   0x10002b48       0x28 c:/maximsdk/tools/gnutools/10.3/bin/../lib/gcc/arm-none-eabi/10.3.1/../../../../arm-none-eabi/lib/thumb/v7e-m+fp/softfp\libc.a(lib_a-printf.o)
                0x10002b48                printf
 .text._puts_r  0x10002b70       0x9c c:/maximsdk/tools/gnutools/10.3/bin/../lib/gcc/arm-none-eabi/10.3.1/../../../../arm-none-eabi/lib/thumb/v7e-m+fp/softfp\libc.a(lib_a-puts.o)
                0x10002b70                _puts_r
 .text.puts     0x10002c0c       0x10 c:/maximsdk/tools/gnutools/10.3/bin/../lib/gcc/arm-none-eabi/10.3.1/../../../../arm-none-eabi/lib/thumb/v7e-m+fp/softfp\libc.a(lib_a-puts.o)
                0x10002c0c                puts
 .text._sbrk_r  0x10002c1c       0x24 c:/maximsdk/tools/gnutools/10.3/bin/../lib/gcc/arm-none-eabi/10.3.1/../../../../arm-none-eabi/lib/thumb/v7e-m+fp/softfp\libc.a(lib_a-sbrkr.o)
                0x10002c1c                _sbrk_r
 .text.setbuf   0x10002c40       0x10 c:/maximsdk/tools/gnutools/10.3/bin/../lib/gcc/arm-none-eabi/10.3.1/../../../../arm-none-eabi/lib/thumb/v7e-m+fp/softfp\libc.a(lib_a-setbuf.o)
                0x10002c40                setbuf
 .text.setvbuf  0x10002c50      0x1b0 c:/maximsdk/tools/gnutools/10.3/bin/../lib/gcc/arm-none-eabi/10.3.1/../../../../arm-none-eabi/lib/thumb/v7e-m+fp/softfp\libc.a(lib_a-setvbuf.o)
                0x10002c50                setvbuf
 .text          0x10002e00       0xdc c:/maximsdk/tools/gnutools/10.3/bin/../lib/gcc/arm-none-eabi/10.3.1/../../../../arm-none-eabi/lib/thumb/v7e-m+fp/softfp\libc.a(lib_a-strlen.o)
                0x10002e00                strlen
 *fill*         0x10002edc        0x4 
 .text._vfprintf_r
                0x10002ee0     0x1b8c c:/maximsdk/tools/gnutools/10.3/bin/../lib/gcc/arm-none-eabi/10.3.1/../../../../arm-none-eabi/lib/thumb/v7e-m+fp/softfp\libc.a(lib_a-vfprintf.o)
                0x10002ee0                _vfprintf_r
 .text.__sbprintf
                0x10004a6c       0x80 c:/maximsdk/tools/gnutools/10.3/bin/../lib/gcc/arm-none-eabi/10.3.1/../../../../arm-none-eabi/lib/thumb/v7e-m+fp/softfp\libc.a(lib_a-vfprintf.o)
 .text.__swsetup_r
                0x10004aec       0xd4 c:/maximsdk/tools/gnutools/10.3/bin/../lib/gcc/arm-none-eabi/10.3.1/../../../../arm-none-eabi/lib/thumb/v7e-m+fp/softfp\libc.a(lib_a-wsetup.o)
                0x10004aec                __swsetup_r
 .text.startup.register_fini
                0x10004bc0       0x14 c:/maximsdk/tools/gnutools/10.3/bin/../lib/gcc/arm-none-eabi/10.3.1/../../../../arm-none-eabi/lib/thumb/v7e-m+fp/softfp\libc.a(lib_a-__call_atexit.o)
 .text.atexit   0x10004bd4        0xc c:/maximsdk/tools/gnutools/10.3/bin/../lib/gcc/arm-none-eabi/10.3.1/../../../../arm-none-eabi/lib/thumb/v7e-m+fp/softfp\libc.a(lib_a-atexit.o)
                0x10004bd4                atexit
 .text.quorem   0x10004be0      0x128 c:/maximsdk/tools/gnutools/10.3/bin/../lib/gcc/arm-none-eabi/10.3.1/../../../../arm-none-eabi/lib/thumb/v7e-m+fp/softfp\libc.a(lib_a-dtoa.o)
 .text._dtoa_r  0x10004d08      0xf34 c:/maximsdk/tools/gnutools/10.3/bin/../lib/gcc/arm-none-eabi/10.3.1/../../../../arm-none-eabi/lib/thumb/v7e-m+fp/softfp\libc.a(lib_a-dtoa.o)
                0x10004d08                _dtoa_r
 .text.__sflush_r
                0x10005c3c      0x130 c:/maximsdk/tools/gnutools/10.3/bin/../lib/gcc/arm-none-eabi/10.3.1/../../../../arm-none-eabi/lib/thumb/v7e-m+fp/softfp\libc.a(lib_a-fflush.o)
                0x10005c3c                __sflush_r
 .text._fflush_r
                0x10005d6c       0x5c c:/maximsdk/tools/gnutools/10.3/bin/../lib/gcc/arm-none-eabi/10.3.1/../../../../arm-none-eabi/lib/thumb/v7e-m+fp/softfp\libc.a(lib_a-fflush.o)
                0x10005d6c                _fflush_r
 .text._cleanup_r
                0x10005dc8        0xc c:/maximsdk/tools/gnutools/10.3/bin/../lib/gcc/arm-none-eabi/10.3.1/../../../../arm-none-eabi/lib/thumb/v7e-m+fp/softfp\libc.a(lib_a-findfp.o)
                0x10005dc8                _cleanup_r
 .text.__sinit  0x10005dd4      0x10c c:/maximsdk/tools/gnutools/10.3/bin/../lib/gcc/arm-none-eabi/10.3.1/../../../../arm-none-eabi/lib/thumb/v7e-m+fp/softfp\libc.a(lib_a-findfp.o)
                0x10005dd4                __sinit
 .text.__sfp_lock_acquire
                0x10005ee0        0xc c:/maximsdk/tools/gnutools/10.3/bin/../lib/gcc/arm-none-eabi/10.3.1/../../../../arm-none-eabi/lib/thumb/v7e-m+fp/softfp\libc.a(lib_a-findfp.o)
                0x10005ee0                __sfp_lock_acquire
 .text.__sfp_lock_release
                0x10005eec        0xc c:/maximsdk/tools/gnutools/10.3/bin/../lib/gcc/arm-none-eabi/10.3.1/../../../../arm-none-eabi/lib/thumb/v7e-m+fp/softfp\libc.a(lib_a-findfp.o)
                0x10005eec                __sfp_lock_release
 .text.__libc_fini_array
                0x10005ef8       0x2c c:/maximsdk/tools/gnutools/10.3/bin/../lib/gcc/arm-none-eabi/10.3.1/../../../../arm-none-eabi/lib/thumb/v7e-m+fp/softfp\libc.a(lib_a-fini.o)
                0x10005ef8                __libc_fini_array
 .text._malloc_trim_r
                0x10005f24       0xa0 c:/maximsdk/tools/gnutools/10.3/bin/../lib/gcc/arm-none-eabi/10.3.1/../../../../arm-none-eabi/lib/thumb/v7e-m+fp/softfp\libc.a(lib_a-freer.o)
                0x10005f24                _malloc_trim_r
 .text._free_r  0x10005fc4      0x20c c:/maximsdk/tools/gnutools/10.3/bin/../lib/gcc/arm-none-eabi/10.3.1/../../../../arm-none-eabi/lib/thumb/v7e-m+fp/softfp\libc.a(lib_a-freer.o)
                0x10005fc4                _free_r
 .text.__sfvwrite_r
                0x100061d0      0x2f0 c:/maximsdk/tools/gnutools/10.3/bin/../lib/gcc/arm-none-eabi/10.3.1/../../../../arm-none-eabi/lib/thumb/v7e-m+fp/softfp\libc.a(lib_a-fvwrite.o)
                0x100061d0                __sfvwrite_r
 .text._fwalk_reent
                0x100064c0       0x48 c:/maximsdk/tools/gnutools/10.3/bin/../lib/gcc/arm-none-eabi/10.3.1/../../../../arm-none-eabi/lib/thumb/v7e-m+fp/softfp\libc.a(lib_a-fwalk.o)
                0x100064c0                _fwalk_reent
 .text._localeconv_r
                0x10006508        0x8 c:/maximsdk/tools/gnutools/10.3/bin/../lib/gcc/arm-none-eabi/10.3.1/../../../../arm-none-eabi/lib/thumb/v7e-m+fp/softfp\libc.a(lib_a-localeconv.o)
                0x10006508                _localeconv_r
 .text.__retarget_lock_init_recursive
                0x10006510        0x4 c:/maximsdk/tools/gnutools/10.3/bin/../lib/gcc/arm-none-eabi/10.3.1/../../../../arm-none-eabi/lib/thumb/v7e-m+fp/softfp\libc.a(lib_a-lock.o)
                0x10006510                __retarget_lock_init_recursive
 .text.__retarget_lock_close_recursive
                0x10006514        0x4 c:/maximsdk/tools/gnutools/10.3/bin/../lib/gcc/arm-none-eabi/10.3.1/../../../../arm-none-eabi/lib/thumb/v7e-m+fp/softfp\libc.a(lib_a-lock.o)
                0x10006514                __retarget_lock_close_recursive
 .text.__retarget_lock_acquire_recursive
                0x10006518        0x4 c:/maximsdk/tools/gnutools/10.3/bin/../lib/gcc/arm-none-eabi/10.3.1/../../../../arm-none-eabi/lib/thumb/v7e-m+fp/softfp\libc.a(lib_a-lock.o)
                0x10006518                __retarget_lock_acquire_recursive
 .text.__retarget_lock_release_recursive
                0x1000651c        0x4 c:/maximsdk/tools/gnutools/10.3/bin/../lib/gcc/arm-none-eabi/10.3.1/../../../../arm-none-eabi/lib/thumb/v7e-m+fp/softfp\libc.a(lib_a-lock.o)
                0x1000651c                __retarget_lock_release_recursive
 .text.__smakebuf_r
                0x10006520       0xe0 c:/maximsdk/tools/gnutools/10.3/bin/../lib/gcc/arm-none-eabi/10.3.1/../../../../arm-none-eabi/lib/thumb/v7e-m+fp/softfp\libc.a(lib_a-makebuf.o)
                0x10006520                __smakebuf_r
 .text.__swhatbuf_r
                0x10006600       0x60 c:/maximsdk/tools/gnutools/10.3/bin/../lib/gcc/arm-none-eabi/10.3.1/../../../../arm-none-eabi/lib/thumb/v7e-m+fp/softfp\libc.a(lib_a-makebuf.o)
                0x10006600                __swhatbuf_r
 .text          0x10006660       0xa0 c:/maximsdk/tools/gnutools/10.3/bin/../lib/gcc/arm-none-eabi/10.3.1/../../../../arm-none-eabi/lib/thumb/v7e-m+fp/softfp\libc.a(lib_a-memchr.o)
                0x10006660                memchr
 .text.memmove  0x10006700       0xf8 c:/maximsdk/tools/gnutools/10.3/bin/../lib/gcc/arm-none-eabi/10.3.1/../../../../arm-none-eabi/lib/thumb/v7e-m+fp/softfp\libc.a(lib_a-memmove.o)
                0x10006700                memmove
 .text._Balloc  0x100067f8       0x4c c:/maximsdk/tools/gnutools/10.3/bin/../lib/gcc/arm-none-eabi/10.3.1/../../../../arm-none-eabi/lib/thumb/v7e-m+fp/softfp\libc.a(lib_a-mprec.o)
                0x100067f8                _Balloc
 .text._Bfree   0x10006844       0x14 c:/maximsdk/tools/gnutools/10.3/bin/../lib/gcc/arm-none-eabi/10.3.1/../../../../arm-none-eabi/lib/thumb/v7e-m+fp/softfp\libc.a(lib_a-mprec.o)
                0x10006844                _Bfree
 .text.__multadd
                0x10006858       0xa8 c:/maximsdk/tools/gnutools/10.3/bin/../lib/gcc/arm-none-eabi/10.3.1/../../../../arm-none-eabi/lib/thumb/v7e-m+fp/softfp\libc.a(lib_a-mprec.o)
                0x10006858                __multadd
 .text.__hi0bits
                0x10006900       0x40 c:/maximsdk/tools/gnutools/10.3/bin/../lib/gcc/arm-none-eabi/10.3.1/../../../../arm-none-eabi/lib/thumb/v7e-m+fp/softfp\libc.a(lib_a-mprec.o)
                0x10006900                __hi0bits
 .text.__lo0bits
                0x10006940       0x60 c:/maximsdk/tools/gnutools/10.3/bin/../lib/gcc/arm-none-eabi/10.3.1/../../../../arm-none-eabi/lib/thumb/v7e-m+fp/softfp\libc.a(lib_a-mprec.o)
                0x10006940                __lo0bits
 .text.__i2b    0x100069a0       0x5c c:/maximsdk/tools/gnutools/10.3/bin/../lib/gcc/arm-none-eabi/10.3.1/../../../../arm-none-eabi/lib/thumb/v7e-m+fp/softfp\libc.a(lib_a-mprec.o)
                0x100069a0                __i2b
 .text.__multiply
                0x100069fc      0x15c c:/maximsdk/tools/gnutools/10.3/bin/../lib/gcc/arm-none-eabi/10.3.1/../../../../arm-none-eabi/lib/thumb/v7e-m+fp/softfp\libc.a(lib_a-mprec.o)
                0x100069fc                __multiply
 .text.__pow5mult
                0x10006b58       0xc0 c:/maximsdk/tools/gnutools/10.3/bin/../lib/gcc/arm-none-eabi/10.3.1/../../../../arm-none-eabi/lib/thumb/v7e-m+fp/softfp\libc.a(lib_a-mprec.o)
                0x10006b58                __pow5mult
 .text.__lshift
                0x10006c18       0xf0 c:/maximsdk/tools/gnutools/10.3/bin/../lib/gcc/arm-none-eabi/10.3.1/../../../../arm-none-eabi/lib/thumb/v7e-m+fp/softfp\libc.a(lib_a-mprec.o)
                0x10006c18                __lshift
 .text.__mcmp   0x10006d08       0x44 c:/maximsdk/tools/gnutools/10.3/bin/../lib/gcc/arm-none-eabi/10.3.1/../../../../arm-none-eabi/lib/thumb/v7e-m+fp/softfp\libc.a(lib_a-mprec.o)
                0x10006d08                __mcmp
 .text.__mdiff  0x10006d4c      0x14c c:/maximsdk/tools/gnutools/10.3/bin/../lib/gcc/arm-none-eabi/10.3.1/../../../../arm-none-eabi/lib/thumb/v7e-m+fp/softfp\libc.a(lib_a-mprec.o)
                0x10006d4c                __mdiff
 .text.__d2b    0x10006e98       0xc4 c:/maximsdk/tools/gnutools/10.3/bin/../lib/gcc/arm-none-eabi/10.3.1/../../../../arm-none-eabi/lib/thumb/v7e-m+fp/softfp\libc.a(lib_a-mprec.o)
                0x10006e98                __d2b
 .text._realloc_r
                0x10006f5c      0x3d8 c:/maximsdk/tools/gnutools/10.3/bin/../lib/gcc/arm-none-eabi/10.3.1/../../../../arm-none-eabi/lib/thumb/v7e-m+fp/softfp\libc.a(lib_a-reallocr.o)
                0x10006f5c                _realloc_r
 .text.frexp    0x10007334       0x70 c:/maximsdk/tools/gnutools/10.3/bin/../lib/gcc/arm-none-eabi/10.3.1/../../../../arm-none-eabi/lib/thumb/v7e-m+fp/softfp\libc.a(lib_a-s_frexp.o)
                0x10007334                frexp
 .text.__sread  0x100073a4       0x24 c:/maximsdk/tools/gnutools/10.3/bin/../lib/gcc/arm-none-eabi/10.3.1/../../../../arm-none-eabi/lib/thumb/v7e-m+fp/softfp\libc.a(lib_a-stdio.o)
                0x100073a4                __sread
 .text.__swrite
                0x100073c8       0x40 c:/maximsdk/tools/gnutools/10.3/bin/../lib/gcc/arm-none-eabi/10.3.1/../../../../arm-none-eabi/lib/thumb/v7e-m+fp/softfp\libc.a(lib_a-stdio.o)
                0x100073c8                __swrite
 .text.__sseek  0x10007408       0x20 c:/maximsdk/tools/gnutools/10.3/bin/../lib/gcc/arm-none-eabi/10.3.1/../../../../arm-none-eabi/lib/thumb/v7e-m+fp/softfp\libc.a(lib_a-stdio.o)
                0x10007408                __sseek
 .text.__sclose
                0x10007428        0x8 c:/maximsdk/tools/gnutools/10.3/bin/../lib/gcc/arm-none-eabi/10.3.1/../../../../arm-none-eabi/lib/thumb/v7e-m+fp/softfp\libc.a(lib_a-stdio.o)
                0x10007428                __sclose
 .text.strncpy  0x10007430       0x64 c:/maximsdk/tools/gnutools/10.3/bin/../lib/gcc/arm-none-eabi/10.3.1/../../../../arm-none-eabi/lib/thumb/v7e-m+fp/softfp\libc.a(lib_a-strncpy.o)
                0x10007430                strncpy
 .text.__sprint_r.part.0
                0x10007494       0x78 c:/maximsdk/tools/gnutools/10.3/bin/../lib/gcc/arm-none-eabi/10.3.1/../../../../arm-none-eabi/lib/thumb/v7e-m+fp/softfp\libc.a(lib_a-vfiprintf.o)
 .text.__sprint_r
                0x1000750c       0x18 c:/maximsdk/tools/gnutools/10.3/bin/../lib/gcc/arm-none-eabi/10.3.1/../../../../arm-none-eabi/lib/thumb/v7e-m+fp/softfp\libc.a(lib_a-vfiprintf.o)
                0x1000750c                __sprint_r
 .text._vfiprintf_r
                0x10007524      0xdfc c:/maximsdk/tools/gnutools/10.3/bin/../lib/gcc/arm-none-eabi/10.3.1/../../../../arm-none-eabi/lib/thumb/v7e-m+fp/softfp\libc.a(lib_a-vfiprintf.o)
                0x10007524                _vfiprintf_r
 .text.__sbprintf
                0x10008320       0x80 c:/maximsdk/tools/gnutools/10.3/bin/../lib/gcc/arm-none-eabi/10.3.1/../../../../arm-none-eabi/lib/thumb/v7e-m+fp/softfp\libc.a(lib_a-vfiprintf.o)
 .text._write_r
                0x100083a0       0x2c c:/maximsdk/tools/gnutools/10.3/bin/../lib/gcc/arm-none-eabi/10.3.1/../../../../arm-none-eabi/lib/thumb/v7e-m+fp/softfp\libc.a(lib_a-writer.o)
                0x100083a0                _write_r
 .text.__register_exitproc
                0x100083cc       0x8c c:/maximsdk/tools/gnutools/10.3/bin/../lib/gcc/arm-none-eabi/10.3.1/../../../../arm-none-eabi/lib/thumb/v7e-m+fp/softfp\libc.a(lib_a-__atexit.o)
                0x100083cc                __register_exitproc
 .text.__assert_func
                0x10008458       0x40 c:/maximsdk/tools/gnutools/10.3/bin/../lib/gcc/arm-none-eabi/10.3.1/../../../../arm-none-eabi/lib/thumb/v7e-m+fp/softfp\libc.a(lib_a-assert.o)
                0x10008458                __assert_func
 .text._calloc_r
                0x10008498       0x78 c:/maximsdk/tools/gnutools/10.3/bin/../lib/gcc/arm-none-eabi/10.3.1/../../../../arm-none-eabi/lib/thumb/v7e-m+fp/softfp\libc.a(lib_a-callocr.o)
                0x10008498                _calloc_r
 .text._close_r
                0x10008510       0x24 c:/maximsdk/tools/gnutools/10.3/bin/../lib/gcc/arm-none-eabi/10.3.1/../../../../arm-none-eabi/lib/thumb/v7e-m+fp/softfp\libc.a(lib_a-closer.o)
                0x10008510                _close_r
 .text._fclose_r
                0x10008534       0xcc c:/maximsdk/tools/gnutools/10.3/bin/../lib/gcc/arm-none-eabi/10.3.1/../../../../arm-none-eabi/lib/thumb/v7e-m+fp/softfp\libc.a(lib_a-fclose.o)
                0x10008534                _fclose_r
 .text.fiprintf
                0x10008600       0x28 c:/maximsdk/tools/gnutools/10.3/bin/../lib/gcc/arm-none-eabi/10.3.1/../../../../arm-none-eabi/lib/thumb/v7e-m+fp/softfp\libc.a(lib_a-fiprintf.o)
                0x10008600                fiprintf
 .text.__fputwc
                0x10008628       0xa8 c:/maximsdk/tools/gnutools/10.3/bin/../lib/gcc/arm-none-eabi/10.3.1/../../../../arm-none-eabi/lib/thumb/v7e-m+fp/softfp\libc.a(lib_a-fputwc.o)
                0x10008628                __fputwc
 .text._fputwc_r
                0x100086d0       0x68 c:/maximsdk/tools/gnutools/10.3/bin/../lib/gcc/arm-none-eabi/10.3.1/../../../../arm-none-eabi/lib/thumb/v7e-m+fp/softfp\libc.a(lib_a-fputwc.o)
                0x100086d0                _fputwc_r
 .text._fstat_r
                0x10008738       0x2c c:/maximsdk/tools/gnutools/10.3/bin/../lib/gcc/arm-none-eabi/10.3.1/../../../../arm-none-eabi/lib/thumb/v7e-m+fp/softfp\libc.a(lib_a-fstatr.o)
                0x10008738                _fstat_r
 .text._isatty_r
                0x10008764       0x24 c:/maximsdk/tools/gnutools/10.3/bin/../lib/gcc/arm-none-eabi/10.3.1/../../../../arm-none-eabi/lib/thumb/v7e-m+fp/softfp\libc.a(lib_a-isattyr.o)
                0x10008764                _isatty_r
 .text.__locale_mb_cur_max
                0x10008788        0xc c:/maximsdk/tools/gnutools/10.3/bin/../lib/gcc/arm-none-eabi/10.3.1/../../../../arm-none-eabi/lib/thumb/v7e-m+fp/softfp\libc.a(lib_a-locale.o)
                0x10008788                __locale_mb_cur_max
 .text._lseek_r
                0x10008794       0x2c c:/maximsdk/tools/gnutools/10.3/bin/../lib/gcc/arm-none-eabi/10.3.1/../../../../arm-none-eabi/lib/thumb/v7e-m+fp/softfp\libc.a(lib_a-lseekr.o)
                0x10008794                _lseek_r
 .text.__ascii_mbtowc
                0x100087c0       0x2c c:/maximsdk/tools/gnutools/10.3/bin/../lib/gcc/arm-none-eabi/10.3.1/../../../../arm-none-eabi/lib/thumb/v7e-m+fp/softfp\libc.a(lib_a-mbtowc_r.o)
                0x100087c0                __ascii_mbtowc
 .text._read_r  0x100087ec       0x2c c:/maximsdk/tools/gnutools/10.3/bin/../lib/gcc/arm-none-eabi/10.3.1/../../../../arm-none-eabi/lib/thumb/v7e-m+fp/softfp\libc.a(lib_a-readr.o)
                0x100087ec                _read_r
 .text.__swbuf_r
                0x10008818       0xb0 c:/maximsdk/tools/gnutools/10.3/bin/../lib/gcc/arm-none-eabi/10.3.1/../../../../arm-none-eabi/lib/thumb/v7e-m+fp/softfp\libc.a(lib_a-wbuf.o)
                0x10008818                __swbuf_r
 .text._wcrtomb_r
                0x100088c8       0x3c c:/maximsdk/tools/gnutools/10.3/bin/../lib/gcc/arm-none-eabi/10.3.1/../../../../arm-none-eabi/lib/thumb/v7e-m+fp/softfp\libc.a(lib_a-wcrtomb.o)
                0x100088c8                _wcrtomb_r
 .text.__ascii_wctomb
                0x10008904       0x1c c:/maximsdk/tools/gnutools/10.3/bin/../lib/gcc/arm-none-eabi/10.3.1/../../../../arm-none-eabi/lib/thumb/v7e-m+fp/softfp\libc.a(lib_a-wctomb_r.o)
                0x10008904                __ascii_wctomb
 .text.abort    0x10008920       0x10 c:/maximsdk/tools/gnutools/10.3/bin/../lib/gcc/arm-none-eabi/10.3.1/../../../../arm-none-eabi/lib/thumb/v7e-m+fp/softfp\libc.a(lib_a-abort.o)
                0x10008920                abort
 .text.raise    0x10008930       0x5c c:/maximsdk/tools/gnutools/10.3/bin/../lib/gcc/arm-none-eabi/10.3.1/../../../../arm-none-eabi/lib/thumb/v7e-m+fp/softfp\libc.a(lib_a-signal.o)
                0x10008930                raise
 .text._kill_r  0x1000898c       0x2c c:/maximsdk/tools/gnutools/10.3/bin/../lib/gcc/arm-none-eabi/10.3.1/../../../../arm-none-eabi/lib/thumb/v7e-m+fp/softfp\libc.a(lib_a-signalr.o)
                0x1000898c                _kill_r
 .text._getpid_r
                0x100089b8        0x4 c:/maximsdk/tools/gnutools/10.3/bin/../lib/gcc/arm-none-eabi/10.3.1/../../../../arm-none-eabi/lib/thumb/v7e-m+fp/softfp\libc.a(lib_a-signalr.o)
                0x100089b8                _getpid_r
 .text._exit    0x100089bc        0x4 c:/maximsdk/tools/gnutools/10.3/bin/../lib/gcc/arm-none-eabi/10.3.1/../../../../arm-none-eabi/lib/thumb/v7e-m+fp/softfp\libnosys.a(_exit.o)
                0x100089bc                _exit
 .text          0x100089c0      0x378 c:/maximsdk/tools/gnutools/10.3/bin/../lib/gcc/arm-none-eabi/10.3.1/thumb/v7e-m+fp/softfp\libgcc.a(_arm_addsubdf3.o)
                0x100089c0                __aeabi_drsub
                0x100089c8                __aeabi_dsub
                0x100089c8                __subdf3
                0x100089cc                __aeabi_dadd
                0x100089cc                __adddf3
                0x10008c44                __floatunsidf
                0x10008c44                __aeabi_ui2d
                0x10008c64                __floatsidf
                0x10008c64                __aeabi_i2d
                0x10008c88                __aeabi_f2d
                0x10008c88                __extendsfdf2
                0x10008ccc                __floatundidf
                0x10008ccc                __aeabi_ul2d
                0x10008cdc                __floatdidf
                0x10008cdc                __aeabi_l2d
 .text          0x10008d38      0x424 c:/maximsdk/tools/gnutools/10.3/bin/../lib/gcc/arm-none-eabi/10.3.1/thumb/v7e-m+fp/softfp\libgcc.a(_arm_muldivdf3.o)
                0x10008d38                __aeabi_dmul
                0x10008d38                __muldf3
                0x10008f8c                __divdf3
                0x10008f8c                __aeabi_ddiv
 .text          0x1000915c      0x110 c:/maximsdk/tools/gnutools/10.3/bin/../lib/gcc/arm-none-eabi/10.3.1/thumb/v7e-m+fp/softfp\libgcc.a(_arm_cmpdf2.o)
                0x1000915c                __gtdf2
                0x1000915c                __gedf2
                0x10009164                __ltdf2
                0x10009164                __ledf2
                0x1000916c                __nedf2
                0x1000916c                __eqdf2
                0x1000916c                __cmpdf2
                0x100091e8                __aeabi_cdrcmple
                0x100091f8                __aeabi_cdcmpeq
                0x100091f8                __aeabi_cdcmple
                0x10009208                __aeabi_dcmpeq
                0x1000921c                __aeabi_dcmplt
                0x10009230                __aeabi_dcmple
                0x10009244                __aeabi_dcmpge
                0x10009258                __aeabi_dcmpgt
 .text          0x1000926c       0x2c c:/maximsdk/tools/gnutools/10.3/bin/../lib/gcc/arm-none-eabi/10.3.1/thumb/v7e-m+fp/softfp\libgcc.a(_arm_unorddf2.o)
                0x1000926c                __unorddf2
                0x1000926c                __aeabi_dcmpun
 .text          0x10009298       0x50 c:/maximsdk/tools/gnutools/10.3/bin/../lib/gcc/arm-none-eabi/10.3.1/thumb/v7e-m+fp/softfp\libgcc.a(_arm_fixdfsi.o)
                0x10009298                __aeabi_d2iz
                0x10009298                __fixdfsi
 .text          0x100092e8       0x30 c:/maximsdk/tools/gnutools/10.3/bin/../lib/gcc/arm-none-eabi/10.3.1/thumb/v7e-m+fp/softfp\libgcc.a(_aeabi_uldivmod.o)
                0x100092e8                __aeabi_uldivmod
 .text          0x10009318      0x2d0 c:/maximsdk/tools/gnutools/10.3/bin/../lib/gcc/arm-none-eabi/10.3.1/thumb/v7e-m+fp/softfp\libgcc.a(_udivmoddi4.o)
                0x10009318                __udivmoddi4
 .text          0x100095e8        0x4 c:/maximsdk/tools/gnutools/10.3/bin/../lib/gcc/arm-none-eabi/10.3.1/thumb/v7e-m+fp/softfp\libgcc.a(_dvmd_tls.o)
                0x100095e8                __aeabi_idiv0
                0x100095e8                __aeabi_ldiv0
 *(.rodata*)
 .rodata.MPU6050_DataCallback.str1.4
                0x100095ec       0x2e d:/@School/Archived/junior-s/innovation-tech-challenge-2024/max78000-collect/build/main.o
 *fill*         0x1000961a        0x2 
 .rodata.main.str1.4
                0x1000961c        0x6 d:/@School/Archived/junior-s/innovation-tech-challenge-2024/max78000-collect/build/main.o
 *fill*         0x10009622        0x2 
 .rodata.mpu6050_setup.str1.4
                0x10009624       0x90 d:/@School/Archived/junior-s/innovation-tech-challenge-2024/max78000-collect/build/mpu6050.o
 .rodata.mxc_assert.str1.4
                0x100096b4       0x19 d:/@School/Archived/junior-s/innovation-tech-challenge-2024/max78000-collect/build/board.o
 *fill*         0x100096cd        0x3 
 .rodata.Board_Init.str1.4
                0x100096d0       0x45 d:/@School/Archived/junior-s/innovation-tech-challenge-2024/max78000-collect/build/board.o
 *fill*         0x10009715        0x3 
 .rodata.led_pin
                0x10009718       0x24 d:/@School/Archived/junior-s/innovation-tech-challenge-2024/max78000-collect/build/board.o
                0x10009718                led_pin
 .rodata.num_leds
                0x1000973c        0x4 d:/@School/Archived/junior-s/innovation-tech-challenge-2024/max78000-collect/build/board.o
                0x1000973c                num_leds
 .rodata.num_pbs
                0x10009740        0x4 d:/@School/Archived/junior-s/innovation-tech-challenge-2024/max78000-collect/build/board.o
                0x10009740                num_pbs
 .rodata.pb_pin
                0x10009744       0x18 d:/@School/Archived/junior-s/innovation-tech-challenge-2024/max78000-collect/build/board.o
                0x10009744                pb_pin
 .rodata.LED_On.str1.4
                0x1000975c       0x3b d:/@School/Archived/junior-s/innovation-tech-challenge-2024/max78000-collect/build/led.o
 *fill*         0x10009797        0x1 
 .rodata.gpio_cfg_extclk
                0x10009798        0xc C:/MaximSDK/Libraries/PeriphDrivers/bin/MAX78000/softfp/libPeriphDriver_softfp.a(pins_ai85.o)
                0x10009798                gpio_cfg_extclk
 .rodata.gpio_cfg_i2c0
                0x100097a4        0xc C:/MaximSDK/Libraries/PeriphDrivers/bin/MAX78000/softfp/libPeriphDriver_softfp.a(pins_ai85.o)
                0x100097a4                gpio_cfg_i2c0
 .rodata.gpio_cfg_i2c1
                0x100097b0        0xc C:/MaximSDK/Libraries/PeriphDrivers/bin/MAX78000/softfp/libPeriphDriver_softfp.a(pins_ai85.o)
                0x100097b0                gpio_cfg_i2c1
 .rodata.gpio_cfg_i2c2
                0x100097bc        0xc C:/MaximSDK/Libraries/PeriphDrivers/bin/MAX78000/softfp/libPeriphDriver_softfp.a(pins_ai85.o)
                0x100097bc                gpio_cfg_i2c2
 .rodata.gpio_cfg_uart0
                0x100097c8        0xc C:/MaximSDK/Libraries/PeriphDrivers/bin/MAX78000/softfp/libPeriphDriver_softfp.a(pins_ai85.o)
                0x100097c8                gpio_cfg_uart0
 .rodata.gpio_cfg_uart1
                0x100097d4        0xc C:/MaximSDK/Libraries/PeriphDrivers/bin/MAX78000/softfp/libPeriphDriver_softfp.a(pins_ai85.o)
                0x100097d4                gpio_cfg_uart1
 .rodata.gpio_cfg_uart2
                0x100097e0        0xc C:/MaximSDK/Libraries/PeriphDrivers/bin/MAX78000/softfp/libPeriphDriver_softfp.a(pins_ai85.o)
                0x100097e0                gpio_cfg_uart2
 .rodata.gpio_cfg_uart3
                0x100097ec        0xc C:/MaximSDK/Libraries/PeriphDrivers/bin/MAX78000/softfp/libPeriphDriver_softfp.a(pins_ai85.o)
                0x100097ec                gpio_cfg_uart3
 .rodata.MXC_DMA_RevA_Init.str1.4
                0x100097f8       0x51 C:/MaximSDK/Libraries/PeriphDrivers/bin/MAX78000/softfp/libPeriphDriver_softfp.a(dma_reva.o)
 *fill*         0x10009849        0x3 
 .rodata.MXC_UART_RevB_Init.str1.4
                0x1000984c       0x77 C:/MaximSDK/Libraries/PeriphDrivers/bin/MAX78000/softfp/libPeriphDriver_softfp.a(uart_revb.o)
 *fill*         0x100098c3        0x1 
 .rodata.MXC_GPIO_Common_Handler.str1.4
                0x100098c4       0x66 C:/MaximSDK/Libraries/PeriphDrivers/bin/MAX78000/softfp/libPeriphDriver_softfp.a(gpio_common.o)
 *fill*         0x1000992a        0x2 
 .rodata._global_impure_ptr
                0x1000992c        0x4 c:/maximsdk/tools/gnutools/10.3/bin/../lib/gcc/arm-none-eabi/10.3.1/../../../../arm-none-eabi/lib/thumb/v7e-m+fp/softfp\libc.a(lib_a-impure.o)
                0x1000992c                _global_impure_ptr
 .rodata._puts_r.str1.4
                0x10009930       0x66 c:/maximsdk/tools/gnutools/10.3/bin/../lib/gcc/arm-none-eabi/10.3.1/../../../../arm-none-eabi/lib/thumb/v7e-m+fp/softfp\libc.a(lib_a-puts.o)
                                  0x2 (size before relaxing)
 .rodata._vfprintf_r.str1.4
                0x10009930       0x42 c:/maximsdk/tools/gnutools/10.3/bin/../lib/gcc/arm-none-eabi/10.3.1/../../../../arm-none-eabi/lib/thumb/v7e-m+fp/softfp\libc.a(lib_a-vfprintf.o)
 *fill*         0x10009972        0x2 
 .rodata.blanks.1
                0x10009974       0x10 c:/maximsdk/tools/gnutools/10.3/bin/../lib/gcc/arm-none-eabi/10.3.1/../../../../arm-none-eabi/lib/thumb/v7e-m+fp/softfp\libc.a(lib_a-vfprintf.o)
 .rodata.zeroes.0
                0x10009984       0x10 c:/maximsdk/tools/gnutools/10.3/bin/../lib/gcc/arm-none-eabi/10.3.1/../../../../arm-none-eabi/lib/thumb/v7e-m+fp/softfp\libc.a(lib_a-vfprintf.o)
 .rodata._dtoa_r.str1.4
                0x10009994       0xa2 c:/maximsdk/tools/gnutools/10.3/bin/../lib/gcc/arm-none-eabi/10.3.1/../../../../arm-none-eabi/lib/thumb/v7e-m+fp/softfp\libc.a(lib_a-dtoa.o)
                                 0xa6 (size before relaxing)
 *fill*         0x10009a36        0x2 
 .rodata.__multadd.str1.4
                0x10009a38       0x7f c:/maximsdk/tools/gnutools/10.3/bin/../lib/gcc/arm-none-eabi/10.3.1/../../../../arm-none-eabi/lib/thumb/v7e-m+fp/softfp\libc.a(lib_a-mprec.o)
                                 0x93 (size before relaxing)
 *fill*         0x10009ab7        0x1 
 .rodata.__mprec_bigtens
                0x10009ab8       0x28 c:/maximsdk/tools/gnutools/10.3/bin/../lib/gcc/arm-none-eabi/10.3.1/../../../../arm-none-eabi/lib/thumb/v7e-m+fp/softfp\libc.a(lib_a-mprec.o)
                0x10009ab8                __mprec_bigtens
 .rodata.__mprec_tens
                0x10009ae0       0xc8 c:/maximsdk/tools/gnutools/10.3/bin/../lib/gcc/arm-none-eabi/10.3.1/../../../../arm-none-eabi/lib/thumb/v7e-m+fp/softfp\libc.a(lib_a-mprec.o)
                0x10009ae0                __mprec_tens
 .rodata.p05.0  0x10009ba8        0xc c:/maximsdk/tools/gnutools/10.3/bin/../lib/gcc/arm-none-eabi/10.3.1/../../../../arm-none-eabi/lib/thumb/v7e-m+fp/softfp\libc.a(lib_a-mprec.o)
 .rodata._vfiprintf_r.str1.4
                0x10009bb4       0x2f c:/maximsdk/tools/gnutools/10.3/bin/../lib/gcc/arm-none-eabi/10.3.1/../../../../arm-none-eabi/lib/thumb/v7e-m+fp/softfp\libc.a(lib_a-vfiprintf.o)
 .rodata.blanks.1
                0x10009bb4       0x10 c:/maximsdk/tools/gnutools/10.3/bin/../lib/gcc/arm-none-eabi/10.3.1/../../../../arm-none-eabi/lib/thumb/v7e-m+fp/softfp\libc.a(lib_a-vfiprintf.o)
 .rodata.zeroes.0
                0x10009bc4       0x10 c:/maximsdk/tools/gnutools/10.3/bin/../lib/gcc/arm-none-eabi/10.3.1/../../../../arm-none-eabi/lib/thumb/v7e-m+fp/softfp\libc.a(lib_a-vfiprintf.o)
 .rodata.__assert_func.str1.4
                0x10009bd4       0x3f c:/maximsdk/tools/gnutools/10.3/bin/../lib/gcc/arm-none-eabi/10.3.1/../../../../arm-none-eabi/lib/thumb/v7e-m+fp/softfp\libc.a(lib_a-assert.o)
                                 0x43 (size before relaxing)
 *fill*         0x10009c13        0x1 
 .rodata._setlocale_r.str1.4
                0x10009c14        0xa c:/maximsdk/tools/gnutools/10.3/bin/../lib/gcc/arm-none-eabi/10.3.1/../../../../arm-none-eabi/lib/thumb/v7e-m+fp/softfp\libc.a(lib_a-locale.o)
                                  0xd (size before relaxing)
 .rodata.str1.4
                0x10009c1e        0xa c:/maximsdk/tools/gnutools/10.3/bin/../lib/gcc/arm-none-eabi/10.3.1/../../../../arm-none-eabi/lib/thumb/v7e-m+fp/softfp\libc.a(lib_a-locale.o)
                                  0x2 (size before relaxing)
 *fill*         0x10009c1e        0x2 
 .rodata._ctype_
                0x10009c20      0x101 c:/maximsdk/tools/gnutools/10.3/bin/../lib/gcc/arm-none-eabi/10.3.1/../../../../arm-none-eabi/lib/thumb/v7e-m+fp/softfp\libc.a(lib_a-ctype_.o)
                0x10009c20                _ctype_
 *(.init)
 *fill*         0x10009d21        0x3 
 .init          0x10009d24        0x4 c:/maximsdk/tools/gnutools/10.3/bin/../lib/gcc/arm-none-eabi/10.3.1/thumb/v7e-m+fp/softfp/crti.o
                0x10009d24                _init
 .init          0x10009d28        0x8 c:/maximsdk/tools/gnutools/10.3/bin/../lib/gcc/arm-none-eabi/10.3.1/thumb/v7e-m+fp/softfp/crtn.o
 *(.fini)
 .fini          0x10009d30        0x4 c:/maximsdk/tools/gnutools/10.3/bin/../lib/gcc/arm-none-eabi/10.3.1/thumb/v7e-m+fp/softfp/crti.o
                0x10009d30                _fini
 .fini          0x10009d34        0x8 c:/maximsdk/tools/gnutools/10.3/bin/../lib/gcc/arm-none-eabi/10.3.1/thumb/v7e-m+fp/softfp/crtn.o
 *crtbegin.o(.ctors)
 *crtbegin?.o(.ctors)
 *(EXCLUDE_FILE(*crtend.o *crtend?.o) .ctors)
 *(SORT_BY_NAME(.ctors.*))
 *(.ctors)
 *crtbegin.o(.dtors)
 *crtbegin?.o(.dtors)
 *(EXCLUDE_FILE(*crtend.o *crtend?.o) .dtors)
 *(SORT_BY_NAME(.dtors.*))
 *(.dtors)
 *(.eh_frame*)
 .eh_frame      0x10009d3c        0x0 c:/maximsdk/tools/gnutools/10.3/bin/../lib/gcc/arm-none-eabi/10.3.1/thumb/v7e-m+fp/softfp/crtbegin.o
 .eh_frame      0x10009d3c        0x4 c:/maximsdk/tools/gnutools/10.3/bin/../lib/gcc/arm-none-eabi/10.3.1/thumb/v7e-m+fp/softfp/crtend.o
                0x10009d40                _etext = .

.glue_7         0x10009d40        0x0
 .glue_7        0x10009d40        0x0 linker stubs

.glue_7t        0x10009d40        0x0
 .glue_7t       0x10009d40        0x0 linker stubs

.vfp11_veneer   0x10009d40        0x0
 .vfp11_veneer  0x10009d40        0x0 linker stubs

.v4_bx          0x10009d40        0x0
 .v4_bx         0x10009d40        0x0 linker stubs

.iplt           0x10009d40        0x0
 .iplt          0x10009d40        0x0 c:/maximsdk/tools/gnutools/10.3/bin/../lib/gcc/arm-none-eabi/10.3.1/thumb/v7e-m+fp/softfp/crtbegin.o

.ARM.extab
 *(.ARM.extab* .gnu.linkonce.armextab.*)

.bin_storage    0x10009d40        0x0
 FILL mask 0xff
                0x10009d40                _bin_start_ = .
 *(.bin_storage_img)
                0x10009d40                _bin_end_ = .
                0x10009d40                . = ALIGN (0x4)

.rom_code       0x00000000        0x0
                0x00000000                . = ALIGN (0x10)
                0x20000000                _sran_code = .
 *(.rom_code_section)
                0x20000000                _esran_code = .

.flash_code     0x10009d40        0x0
                0x10009d40                . = ALIGN (0x10)
                0x20000000                _sran_code = .
 *(.flash_code_section)
                0x20000000                _esran_code = .

.sram_code      0x20000000        0x0
                0x20000000                . = ALIGN (0x10)
                0x20000000                _sran_code = .
 *(.sram_code_section)
                0x20000000                _esran_code = .

.ARM.exidx      0x10009d40        0x8
                0x10009d40                __exidx_start = .
 *(.ARM.exidx* .gnu.linkonce.armexidx.*)
 .ARM.exidx     0x10009d40        0x8 c:/maximsdk/tools/gnutools/10.3/bin/../lib/gcc/arm-none-eabi/10.3.1/thumb/v7e-m+fp/softfp\libgcc.a(_udivmoddi4.o)
                0x10009d48                __exidx_end = .

.rel.dyn        0x10009d48        0x0
 .rel.iplt      0x10009d48        0x0 c:/maximsdk/tools/gnutools/10.3/bin/../lib/gcc/arm-none-eabi/10.3.1/thumb/v7e-m+fp/softfp/crtbegin.o

.data           0x20000000      0x9c4 load address 0x10009d48
                0x20000000                _data = ALIGN (., 0x4)
 *(vtable)
 *(.data*)
 .data.ConsoleUart
                0x20000000        0x4 d:/@School/Archived/junior-s/innovation-tech-challenge-2024/max78000-collect/build/board.o
                0x20000000                ConsoleUart
 .data.overflows
                0x20000004        0x4 C:/MaximSDK/Libraries/PeriphDrivers/bin/MAX78000/softfp/libPeriphDriver_softfp.a(mxc_delay.o)
 .data._impure_ptr
                0x20000008        0x4 c:/maximsdk/tools/gnutools/10.3/bin/../lib/gcc/arm-none-eabi/10.3.1/../../../../arm-none-eabi/lib/thumb/v7e-m+fp/softfp\libc.a(lib_a-impure.o)
                0x20000008                _impure_ptr
 *fill*         0x2000000c        0x4 
 .data.impure_data
                0x20000010      0x428 c:/maximsdk/tools/gnutools/10.3/bin/../lib/gcc/arm-none-eabi/10.3.1/../../../../arm-none-eabi/lib/thumb/v7e-m+fp/softfp\libc.a(lib_a-impure.o)
 .data.__malloc_av_
                0x20000438      0x408 c:/maximsdk/tools/gnutools/10.3/bin/../lib/gcc/arm-none-eabi/10.3.1/../../../../arm-none-eabi/lib/thumb/v7e-m+fp/softfp\libc.a(lib_a-mallocr.o)
                0x20000438                __malloc_av_
 .data.__malloc_sbrk_base
                0x20000840        0x4 c:/maximsdk/tools/gnutools/10.3/bin/../lib/gcc/arm-none-eabi/10.3.1/../../../../arm-none-eabi/lib/thumb/v7e-m+fp/softfp\libc.a(lib_a-mallocr.o)
                0x20000840                __malloc_sbrk_base
 .data.__malloc_trim_threshold
                0x20000844        0x4 c:/maximsdk/tools/gnutools/10.3/bin/../lib/gcc/arm-none-eabi/10.3.1/../../../../arm-none-eabi/lib/thumb/v7e-m+fp/softfp\libc.a(lib_a-mallocr.o)
                0x20000844                __malloc_trim_threshold
 .data.__atexit_recursive_mutex
                0x20000848        0x4 c:/maximsdk/tools/gnutools/10.3/bin/../lib/gcc/arm-none-eabi/10.3.1/../../../../arm-none-eabi/lib/thumb/v7e-m+fp/softfp\libc.a(lib_a-__call_atexit.o)
                0x20000848                __atexit_recursive_mutex
 .data.__global_locale
                0x2000084c      0x16c c:/maximsdk/tools/gnutools/10.3/bin/../lib/gcc/arm-none-eabi/10.3.1/../../../../arm-none-eabi/lib/thumb/v7e-m+fp/softfp\libc.a(lib_a-locale.o)
                0x2000084c                __global_locale
 *(.flashprog*)
                0x200009b8                . = ALIGN (0x4)
                0x200009b8                PROVIDE (__preinit_array_start = .)
 *(.preinit_array)
                0x200009b8                PROVIDE (__preinit_array_end = .)
                0x200009b8                . = ALIGN (0x4)
                0x200009b8                PROVIDE (__init_array_start = .)
 *(SORT_BY_NAME(.init_array.*))
 .init_array.00000
                0x200009b8        0x4 c:/maximsdk/tools/gnutools/10.3/bin/../lib/gcc/arm-none-eabi/10.3.1/../../../../arm-none-eabi/lib/thumb/v7e-m+fp/softfp\libc.a(lib_a-__call_atexit.o)
 *(.init_array)
 .init_array    0x200009bc        0x4 c:/maximsdk/tools/gnutools/10.3/bin/../lib/gcc/arm-none-eabi/10.3.1/thumb/v7e-m+fp/softfp/crtbegin.o
                0x200009c0                PROVIDE (__init_array_end = .)
                0x200009c0                . = ALIGN (0x4)
                0x200009c0                PROVIDE (__fini_array_start = .)
 *(SORT_BY_NAME(.fini_array.*))
 *(.fini_array)
 .fini_array    0x200009c0        0x4 c:/maximsdk/tools/gnutools/10.3/bin/../lib/gcc/arm-none-eabi/10.3.1/thumb/v7e-m+fp/softfp/crtbegin.o
                0x200009c4                PROVIDE (__fini_array_end = .)
                0x200009c4                _edata = ALIGN (., 0x4)
                0x10009d48                __load_data = LOADADDR (.data)

.igot.plt       0x200009c4        0x0 load address 0x1000a70c
 .igot.plt      0x200009c4        0x0 c:/maximsdk/tools/gnutools/10.3/bin/../lib/gcc/arm-none-eabi/10.3.1/thumb/v7e-m+fp/softfp/crtbegin.o

.bss            0x200009c8      0x73c load address 0x1000a70c
                0x200009c8                . = ALIGN (0x4)
                0x200009c8                _bss = .
 *(.bss*)
 .bss           0x200009c8       0x1c c:/maximsdk/tools/gnutools/10.3/bin/../lib/gcc/arm-none-eabi/10.3.1/thumb/v7e-m+fp/softfp/crtbegin.o
 .bss.callbacks
                0x200009e4       0x78 d:/@School/Archived/junior-s/innovation-tech-challenge-2024/max78000-collect/build/callback.o
                0x200009e4                callbacks
 .bss.num_callbacks
                0x20000a5c        0x4 d:/@School/Archived/junior-s/innovation-tech-challenge-2024/max78000-collect/build/callback.o
                0x20000a5c                num_callbacks
 .bss.acc_x.5   0x20000a60        0x8 d:/@School/Archived/junior-s/innovation-tech-challenge-2024/max78000-collect/build/main.o
 .bss.acc_y.4   0x20000a68        0x8 d:/@School/Archived/junior-s/innovation-tech-challenge-2024/max78000-collect/build/main.o
 .bss.acc_z.3   0x20000a70        0x8 d:/@School/Archived/junior-s/innovation-tech-challenge-2024/max78000-collect/build/main.o
 .bss.bias_x    0x20000a78        0x2 d:/@School/Archived/junior-s/innovation-tech-challenge-2024/max78000-collect/build/main.o
                0x20000a78                bias_x
 .bss.bias_y    0x20000a7a        0x2 d:/@School/Archived/junior-s/innovation-tech-challenge-2024/max78000-collect/build/main.o
                0x20000a7a                bias_y
 .bss.bias_z    0x20000a7c        0x2 d:/@School/Archived/junior-s/innovation-tech-challenge-2024/max78000-collect/build/main.o
                0x20000a7c                bias_z
 *fill*         0x20000a7e        0x2 
 .bss.g_ticks   0x20000a80        0x8 d:/@School/Archived/junior-s/innovation-tech-challenge-2024/max78000-collect/build/main.o
                0x20000a80                g_ticks
 .bss.tmp_x.8   0x20000a88        0x2 d:/@School/Archived/junior-s/innovation-tech-challenge-2024/max78000-collect/build/main.o
 .bss.tmp_y.7   0x20000a8a        0x2 d:/@School/Archived/junior-s/innovation-tech-challenge-2024/max78000-collect/build/main.o
 .bss.tmp_z.6   0x20000a8c        0x2 d:/@School/Archived/junior-s/innovation-tech-challenge-2024/max78000-collect/build/main.o
 *fill*         0x20000a8e        0x2 
 .bss.i2c_req   0x20000a90       0x20 d:/@School/Archived/junior-s/innovation-tech-challenge-2024/max78000-collect/build/mpu6050.o
 .bss.heap_end  0x20000ab0        0x4 d:/@School/Archived/junior-s/innovation-tech-challenge-2024/max78000-collect/build/heap.o
 .bss.cbFunc    0x20000ab4        0x4 C:/MaximSDK/Libraries/PeriphDrivers/bin/MAX78000/softfp/libPeriphDriver_softfp.a(mxc_delay.o)
 .bss.ctrl_save
                0x20000ab8        0x4 C:/MaximSDK/Libraries/PeriphDrivers/bin/MAX78000/softfp/libPeriphDriver_softfp.a(mxc_delay.o)
 .bss.endtick   0x20000abc        0x4 C:/MaximSDK/Libraries/PeriphDrivers/bin/MAX78000/softfp/libPeriphDriver_softfp.a(mxc_delay.o)
 .bss.dma_initialized
                0x20000ac0        0x4 C:/MaximSDK/Libraries/PeriphDrivers/bin/MAX78000/softfp/libPeriphDriver_softfp.a(dma_reva.o)
 .bss.dma_lock  0x20000ac4        0x4 C:/MaximSDK/Libraries/PeriphDrivers/bin/MAX78000/softfp/libPeriphDriver_softfp.a(dma_reva.o)
 .bss.dma_resource
                0x20000ac8      0x140 C:/MaximSDK/Libraries/PeriphDrivers/bin/MAX78000/softfp/libPeriphDriver_softfp.a(dma_reva.o)
 .bss.states    0x20000c08       0x60 C:/MaximSDK/Libraries/PeriphDrivers/bin/MAX78000/softfp/libPeriphDriver_softfp.a(i2c_reva.o)
 .bss.states    0x20000c68       0x50 C:/MaximSDK/Libraries/PeriphDrivers/bin/MAX78000/softfp/libPeriphDriver_softfp.a(uart_revb.o)
                0x20000c68                states
 .bss.callback  0x20000cb8      0x200 C:/MaximSDK/Libraries/PeriphDrivers/bin/MAX78000/softfp/libPeriphDriver_softfp.a(gpio_common.o)
 .bss.cbparam   0x20000eb8      0x200 C:/MaximSDK/Libraries/PeriphDrivers/bin/MAX78000/softfp/libPeriphDriver_softfp.a(gpio_common.o)
 .bss.initialized
                0x200010b8        0x1 C:/MaximSDK/Libraries/PeriphDrivers/bin/MAX78000/softfp/libPeriphDriver_softfp.a(gpio_common.o)
 *fill*         0x200010b9        0x3 
 .bss.__malloc_current_mallinfo
                0x200010bc       0x28 c:/maximsdk/tools/gnutools/10.3/bin/../lib/gcc/arm-none-eabi/10.3.1/../../../../arm-none-eabi/lib/thumb/v7e-m+fp/softfp\libc.a(lib_a-mallocr.o)
                0x200010bc                __malloc_current_mallinfo
 .bss.__malloc_max_sbrked_mem
                0x200010e4        0x4 c:/maximsdk/tools/gnutools/10.3/bin/../lib/gcc/arm-none-eabi/10.3.1/../../../../arm-none-eabi/lib/thumb/v7e-m+fp/softfp\libc.a(lib_a-mallocr.o)
                0x200010e4                __malloc_max_sbrked_mem
 .bss.__malloc_max_total_mem
                0x200010e8        0x4 c:/maximsdk/tools/gnutools/10.3/bin/../lib/gcc/arm-none-eabi/10.3.1/../../../../arm-none-eabi/lib/thumb/v7e-m+fp/softfp\libc.a(lib_a-mallocr.o)
                0x200010e8                __malloc_max_total_mem
 .bss.__malloc_top_pad
                0x200010ec        0x4 c:/maximsdk/tools/gnutools/10.3/bin/../lib/gcc/arm-none-eabi/10.3.1/../../../../arm-none-eabi/lib/thumb/v7e-m+fp/softfp\libc.a(lib_a-mallocr.o)
                0x200010ec                __malloc_top_pad
 .bss.__lock___atexit_recursive_mutex
                0x200010f0        0x1 c:/maximsdk/tools/gnutools/10.3/bin/../lib/gcc/arm-none-eabi/10.3.1/../../../../arm-none-eabi/lib/thumb/v7e-m+fp/softfp\libc.a(lib_a-lock.o)
                0x200010f0                __lock___atexit_recursive_mutex
 *fill*         0x200010f1        0x3 
 .bss.__lock___malloc_recursive_mutex
                0x200010f4        0x1 c:/maximsdk/tools/gnutools/10.3/bin/../lib/gcc/arm-none-eabi/10.3.1/../../../../arm-none-eabi/lib/thumb/v7e-m+fp/softfp\libc.a(lib_a-lock.o)
                0x200010f4                __lock___malloc_recursive_mutex
 *fill*         0x200010f5        0x3 
 .bss.__lock___sfp_recursive_mutex
                0x200010f8        0x1 c:/maximsdk/tools/gnutools/10.3/bin/../lib/gcc/arm-none-eabi/10.3.1/../../../../arm-none-eabi/lib/thumb/v7e-m+fp/softfp\libc.a(lib_a-lock.o)
                0x200010f8                __lock___sfp_recursive_mutex
 *fill*         0x200010f9        0x3 
 .bss.__lock___sinit_recursive_mutex
                0x200010fc        0x1 c:/maximsdk/tools/gnutools/10.3/bin/../lib/gcc/arm-none-eabi/10.3.1/../../../../arm-none-eabi/lib/thumb/v7e-m+fp/softfp\libc.a(lib_a-lock.o)
                0x200010fc                __lock___sinit_recursive_mutex
 *fill*         0x200010fd        0x3 
 .bss.errno     0x20001100        0x4 c:/maximsdk/tools/gnutools/10.3/bin/../lib/gcc/arm-none-eabi/10.3.1/../../../../arm-none-eabi/lib/thumb/v7e-m+fp/softfp\libc.a(lib_a-reent.o)
                0x20001100                errno
 *(COMMON)
                0x20001104                _ebss = ALIGN (., 0x4)

.shared         0x20001104        0x4 load address 0x1000a70c
                0x20001104                . = ALIGN (0x4)
                0x20001104                _shared = .
 *(.mailbox*)
                0x20001104                . = ALIGN (0x4)
 *(.shared*)
 .shared        0x20001104        0x4 d:/@School/Archived/junior-s/innovation-tech-challenge-2024/max78000-collect/build/system_max78000.o
                0x20001104                SystemCoreClock
                0x20001108                _eshared = ALIGN (., 0x4)
                0x1000a70c                __shared_data = LOADADDR (.shared)
                0x20020000                __StackTop = (ORIGIN (SRAM) + LENGTH (SRAM))
                0x2001f000                __StackLimit = (__StackTop - SIZEOF (.stack_dummy))

.stack_dummy    0x20001108     0x1000 load address 0x1000a710
 *(.stack*)
 .stack         0x20001108     0x1000 d:/@School/Archived/junior-s/innovation-tech-challenge-2024/max78000-collect/build/startup_max78000.o

.heap           0x20001108      0xc00 load address 0x1000a710
                0x20001108                . = ALIGN (0x4)
 *(.heap*)
 .heap          0x20001108      0xc00 d:/@School/Archived/junior-s/innovation-tech-challenge-2024/max78000-collect/build/startup_max78000.o
                0x20001108                __HeapBase
                0x2001f000                __HeapLimit = ABSOLUTE (__StackLimit)
                0x20020000                PROVIDE (__stack = __StackTop)
                0x00000001                ASSERT ((__StackLimit >= _ebss), region RAM overflowed with stack)

.riscv_flash    0x1000a710      0x1f0
                0x1000a800                . = ALIGN (0x100)
 *fill*         0x1000a710       0xf0 
                0x1000a900                . = (. + 0x100)
 *fill*         0x1000a800      0x100 
                0x1000a900                _riscv_boot = .
 *riscv.o(.text*)
OUTPUT(d:/@School/Archived/junior-s/innovation-tech-challenge-2024/max78000-collect/build/max78000-collect.elf elf32-littlearm)
LOAD linker stubs

.ARM.attributes
                0x00000000       0x2e
 .ARM.attributes
                0x00000000       0x1e c:/maximsdk/tools/gnutools/10.3/bin/../lib/gcc/arm-none-eabi/10.3.1/thumb/v7e-m+fp/softfp/crti.o
 .ARM.attributes
                0x0000001e       0x32 c:/maximsdk/tools/gnutools/10.3/bin/../lib/gcc/arm-none-eabi/10.3.1/thumb/v7e-m+fp/softfp/crtbegin.o
 .ARM.attributes
                0x00000050       0x32 d:/@School/Archived/junior-s/innovation-tech-challenge-2024/max78000-collect/build/callback.o
 .ARM.attributes
                0x00000082       0x32 d:/@School/Archived/junior-s/innovation-tech-challenge-2024/max78000-collect/build/main.o
 .ARM.attributes
                0x000000b4       0x32 d:/@School/Archived/junior-s/innovation-tech-challenge-2024/max78000-collect/build/mpu6050.o
 .ARM.attributes
                0x000000e6       0x32 d:/@School/Archived/junior-s/innovation-tech-challenge-2024/max78000-collect/build/board.o
 .ARM.attributes
                0x00000118       0x32 d:/@School/Archived/junior-s/innovation-tech-challenge-2024/max78000-collect/build/stdio.o
 .ARM.attributes
                0x0000014a       0x32 d:/@School/Archived/junior-s/innovation-tech-challenge-2024/max78000-collect/build/led.o
 .ARM.attributes
                0x0000017c       0x32 d:/@School/Archived/junior-s/innovation-tech-challenge-2024/max78000-collect/build/pb.o
 .ARM.attributes
                0x000001ae       0x1b d:/@School/Archived/junior-s/innovation-tech-challenge-2024/max78000-collect/build/startup_max78000.o
 .ARM.attributes
                0x000001c9       0x32 d:/@School/Archived/junior-s/innovation-tech-challenge-2024/max78000-collect/build/heap.o
 .ARM.attributes
                0x000001fb       0x32 d:/@School/Archived/junior-s/innovation-tech-challenge-2024/max78000-collect/build/system_max78000.o
 .ARM.attributes
                0x0000022d       0x32 C:/MaximSDK/Libraries/PeriphDrivers/bin/MAX78000/softfp/libPeriphDriver_softfp.a(mxc_delay.o)
 .ARM.attributes
                0x0000025f       0x32 C:/MaximSDK/Libraries/PeriphDrivers/bin/MAX78000/softfp/libPeriphDriver_softfp.a(pins_ai85.o)
 .ARM.attributes
                0x00000291       0x32 C:/MaximSDK/Libraries/PeriphDrivers/bin/MAX78000/softfp/libPeriphDriver_softfp.a(sys_ai85.o)
 .ARM.attributes
                0x000002c3       0x32 C:/MaximSDK/Libraries/PeriphDrivers/bin/MAX78000/softfp/libPeriphDriver_softfp.a(dma_me17.o)
 .ARM.attributes
                0x000002f5       0x32 C:/MaximSDK/Libraries/PeriphDrivers/bin/MAX78000/softfp/libPeriphDriver_softfp.a(dma_reva.o)
 .ARM.attributes
                0x00000327       0x32 C:/MaximSDK/Libraries/PeriphDrivers/bin/MAX78000/softfp/libPeriphDriver_softfp.a(gpio_ai85.o)
 .ARM.attributes
                0x00000359       0x32 C:/MaximSDK/Libraries/PeriphDrivers/bin/MAX78000/softfp/libPeriphDriver_softfp.a(gpio_reva.o)
 .ARM.attributes
                0x0000038b       0x32 C:/MaximSDK/Libraries/PeriphDrivers/bin/MAX78000/softfp/libPeriphDriver_softfp.a(i2c_me17.o)
 .ARM.attributes
                0x000003bd       0x32 C:/MaximSDK/Libraries/PeriphDrivers/bin/MAX78000/softfp/libPeriphDriver_softfp.a(i2c_reva.o)
 .ARM.attributes
                0x000003ef       0x32 C:/MaximSDK/Libraries/PeriphDrivers/bin/MAX78000/softfp/libPeriphDriver_softfp.a(icc_me17.o)
 .ARM.attributes
                0x00000421       0x32 C:/MaximSDK/Libraries/PeriphDrivers/bin/MAX78000/softfp/libPeriphDriver_softfp.a(icc_reva.o)
 .ARM.attributes
                0x00000453       0x32 C:/MaximSDK/Libraries/PeriphDrivers/bin/MAX78000/softfp/libPeriphDriver_softfp.a(uart_ai85.o)
 .ARM.attributes
                0x00000485       0x32 C:/MaximSDK/Libraries/PeriphDrivers/bin/MAX78000/softfp/libPeriphDriver_softfp.a(uart_common.o)
 .ARM.attributes
                0x000004b7       0x32 C:/MaximSDK/Libraries/PeriphDrivers/bin/MAX78000/softfp/libPeriphDriver_softfp.a(uart_revb.o)
 .ARM.attributes
                0x000004e9       0x32 C:/MaximSDK/Libraries/PeriphDrivers/bin/MAX78000/softfp/libPeriphDriver_softfp.a(mxc_lock.o)
 .ARM.attributes
                0x0000051b       0x32 C:/MaximSDK/Libraries/PeriphDrivers/bin/MAX78000/softfp/libPeriphDriver_softfp.a(gpio_common.o)
 .ARM.attributes
                0x0000054d       0x32 c:/maximsdk/tools/gnutools/10.3/bin/../lib/gcc/arm-none-eabi/10.3.1/../../../../arm-none-eabi/lib/thumb/v7e-m+fp/softfp\libc.a(lib_a-errno.o)
 .ARM.attributes
                0x0000057f       0x32 c:/maximsdk/tools/gnutools/10.3/bin/../lib/gcc/arm-none-eabi/10.3.1/../../../../arm-none-eabi/lib/thumb/v7e-m+fp/softfp\libc.a(lib_a-impure.o)
 .ARM.attributes
                0x000005b1       0x32 c:/maximsdk/tools/gnutools/10.3/bin/../lib/gcc/arm-none-eabi/10.3.1/../../../../arm-none-eabi/lib/thumb/v7e-m+fp/softfp\libc.a(lib_a-init.o)
 .ARM.attributes
                0x000005e3       0x32 c:/maximsdk/tools/gnutools/10.3/bin/../lib/gcc/arm-none-eabi/10.3.1/../../../../arm-none-eabi/lib/thumb/v7e-m+fp/softfp\libc.a(lib_a-malloc.o)
 .ARM.attributes
                0x00000615       0x32 c:/maximsdk/tools/gnutools/10.3/bin/../lib/gcc/arm-none-eabi/10.3.1/../../../../arm-none-eabi/lib/thumb/v7e-m+fp/softfp\libc.a(lib_a-mallocr.o)
 .ARM.attributes
                0x00000647       0x1c c:/maximsdk/tools/gnutools/10.3/bin/../lib/gcc/arm-none-eabi/10.3.1/../../../../arm-none-eabi/lib/thumb/v7e-m+fp/softfp\libc.a(lib_a-memcpy.o)
 .ARM.attributes
                0x00000663       0x32 c:/maximsdk/tools/gnutools/10.3/bin/../lib/gcc/arm-none-eabi/10.3.1/../../../../arm-none-eabi/lib/thumb/v7e-m+fp/softfp\libc.a(lib_a-memset.o)
 .ARM.attributes
                0x00000695       0x32 c:/maximsdk/tools/gnutools/10.3/bin/../lib/gcc/arm-none-eabi/10.3.1/../../../../arm-none-eabi/lib/thumb/v7e-m+fp/softfp\libc.a(lib_a-mlock.o)
 .ARM.attributes
                0x000006c7       0x32 c:/maximsdk/tools/gnutools/10.3/bin/../lib/gcc/arm-none-eabi/10.3.1/../../../../arm-none-eabi/lib/thumb/v7e-m+fp/softfp\libc.a(lib_a-printf.o)
 .ARM.attributes
                0x000006f9       0x32 c:/maximsdk/tools/gnutools/10.3/bin/../lib/gcc/arm-none-eabi/10.3.1/../../../../arm-none-eabi/lib/thumb/v7e-m+fp/softfp\libc.a(lib_a-puts.o)
 .ARM.attributes
                0x0000072b       0x32 c:/maximsdk/tools/gnutools/10.3/bin/../lib/gcc/arm-none-eabi/10.3.1/../../../../arm-none-eabi/lib/thumb/v7e-m+fp/softfp\libc.a(lib_a-sbrkr.o)
 .ARM.attributes
                0x0000075d       0x32 c:/maximsdk/tools/gnutools/10.3/bin/../lib/gcc/arm-none-eabi/10.3.1/../../../../arm-none-eabi/lib/thumb/v7e-m+fp/softfp\libc.a(lib_a-setbuf.o)
 .ARM.attributes
                0x0000078f       0x32 c:/maximsdk/tools/gnutools/10.3/bin/../lib/gcc/arm-none-eabi/10.3.1/../../../../arm-none-eabi/lib/thumb/v7e-m+fp/softfp\libc.a(lib_a-setvbuf.o)
 .ARM.attributes